Archive member included to satisfy reference by file (symbol)

app/libapp.a(led.cpp.obj)     (--whole-archive)
app/libapp.a(main.cpp.obj)    (--whole-archive)
zephyr/libzephyr.a(cpp_dtors.c.obj)
                              (--whole-archive)
zephyr/libzephyr.a(cpp_virtual.c.obj)
                              (--whole-archive)
zephyr/libzephyr.a(cpp_vtable.cpp.obj)
                              (--whole-archive)
zephyr/libzephyr.a(cpp_new.cpp.obj)
                              (--whole-archive)
zephyr/libzephyr.a(heap.c.obj)
                              (--whole-archive)
zephyr/libzephyr.a(cbprintf_packaged.c.obj)
                              (--whole-archive)
zephyr/libzephyr.a(clock.c.obj)
                              (--whole-archive)
zephyr/libzephyr.a(printk.c.obj)
                              (--whole-archive)
zephyr/libzephyr.a(sem.c.obj)
                              (--whole-archive)
zephyr/libzephyr.a(thread_entry.c.obj)
                              (--whole-archive)
zephyr/libzephyr.a(cbprintf_complete.c.obj)
                              (--whole-archive)
zephyr/libzephyr.a(cbprintf.c.obj)
                              (--whole-archive)
zephyr/libzephyr.a(assert.c.obj)
                              (--whole-archive)
zephyr/libzephyr.a(mpsc_pbuf.c.obj)
                              (--whole-archive)
zephyr/libzephyr.a(dec.c.obj)
                              (--whole-archive)
zephyr/libzephyr.a(hex.c.obj)
                              (--whole-archive)
zephyr/libzephyr.a(rb.c.obj)  (--whole-archive)
zephyr/libzephyr.a(timeutil.c.obj)
                              (--whole-archive)
zephyr/libzephyr.a(bitarray.c.obj)
                              (--whole-archive)
zephyr/libzephyr.a(ring_buffer.c.obj)
                              (--whole-archive)
zephyr/libzephyr.a(last_section_id.c.obj)
                              (--whole-archive)
zephyr/libzephyr.a(configs.c.obj)
                              (--whole-archive)
zephyr/libzephyr.a(stm32cube_hal.c.obj)
                              (--whole-archive)
zephyr/libzephyr.a(soc_config.c.obj)
                              (--whole-archive)
zephyr/libzephyr.a(stm32_backup_domain.c.obj)
                              (--whole-archive)
zephyr/libzephyr.a(soc.c.obj)
                              (--whole-archive)
zephyr/libzephyr.a(log_core.c.obj)
                              (--whole-archive)
zephyr/libzephyr.a(log_mgmt.c.obj)
                              (--whole-archive)
zephyr/libzephyr.a(log_cache.c.obj)
                              (--whole-archive)
zephyr/libzephyr.a(log_msg.c.obj)
                              (--whole-archive)
zephyr/libzephyr.a(log_output.c.obj)
                              (--whole-archive)
zephyr/libzephyr.a(log_backend_uart.c.obj)
                              (--whole-archive)
zephyr/libzephyr.a(tracing_none.c.obj)
                              (--whole-archive)
zephyr/libzephyr.a(mipi_dbi_spi.c.obj)
                              (--whole-archive)
zephyr/arch/common/libarch__common.a(sw_isr_common.c.obj)
                              (--whole-archive)
zephyr/arch/arch/arm/core/libarch__arm__core.a(fatal.c.obj)
                              (--whole-archive)
zephyr/arch/arch/arm/core/libarch__arm__core.a(nmi.c.obj)
                              (--whole-archive)
zephyr/arch/arch/arm/core/libarch__arm__core.a(nmi_on_reset.S.obj)
                              (--whole-archive)
zephyr/arch/arch/arm/core/libarch__arm__core.a(__aeabi_atexit.c.obj)
                              (--whole-archive)
zephyr/arch/arch/arm/core/cortex_m/libarch__arm__core__cortex_m.a(exc_exit.c.obj)
                              (--whole-archive)
zephyr/arch/arch/arm/core/cortex_m/libarch__arm__core__cortex_m.a(fault.c.obj)
                              (--whole-archive)
zephyr/arch/arch/arm/core/cortex_m/libarch__arm__core__cortex_m.a(fault_s.S.obj)
                              (--whole-archive)
zephyr/arch/arch/arm/core/cortex_m/libarch__arm__core__cortex_m.a(fpu.c.obj)
                              (--whole-archive)
zephyr/arch/arch/arm/core/cortex_m/libarch__arm__core__cortex_m.a(reset.S.obj)
                              (--whole-archive)
zephyr/arch/arch/arm/core/cortex_m/libarch__arm__core__cortex_m.a(scb.c.obj)
                              (--whole-archive)
zephyr/arch/arch/arm/core/cortex_m/libarch__arm__core__cortex_m.a(thread_abort.c.obj)
                              (--whole-archive)
zephyr/arch/arch/arm/core/cortex_m/libarch__arm__core__cortex_m.a(vector_table.S.obj)
                              (--whole-archive)
zephyr/arch/arch/arm/core/cortex_m/libarch__arm__core__cortex_m.a(swap_helper.S.obj)
                              (--whole-archive)
zephyr/arch/arch/arm/core/cortex_m/libarch__arm__core__cortex_m.a(irq_manage.c.obj)
                              (--whole-archive)
zephyr/arch/arch/arm/core/cortex_m/libarch__arm__core__cortex_m.a(prep_c.c.obj)
                              (--whole-archive)
[...]
Memory Configuration

Name             Origin             Length             Attributes
FLASH            0x0000000008000000 0x0000000000080000 xr
RAM              0x0000000020000000 0x0000000000010000 xw
IDT_LIST         0x00000000ffff7fff 0x0000000000008000 xw
*default*        0x0000000000000000 0xffffffffffffffff

Linker script and memory map

LOAD zephyr/CMakeFiles/zephyr_final.dir/misc/empty_file.c.obj
LOAD zephyr/CMakeFiles/zephyr_final.dir/isr_tables.c.obj
LOAD zephyr/CMakeFiles/offsets.dir/./arch/arm/core/offsets/offsets.c.obj
LOAD app/libapp.a
LOAD zephyr/libzephyr.a
LOAD zephyr/arch/common/libarch__common.a
LOAD zephyr/arch/arch/arm/core/libarch__arm__core.a
LOAD zephyr/arch/arch/arm/core/cortex_m/libarch__arm__core__cortex_m.a
LOAD zephyr/lib/libc/newlib/liblib__libc__newlib.a
LOAD zephyr/lib/libc/common/liblib__libc__common.a
LOAD zephyr/subsys/input/libsubsys__input.a
LOAD zephyr/drivers/interrupt_controller/libdrivers__interrupt_controller.a
LOAD zephyr/drivers/can/libdrivers__can.a
LOAD zephyr/drivers/clock_control/libdrivers__clock_control.a
LOAD zephyr/drivers/console/libdrivers__console.a
LOAD zephyr/drivers/display/libdrivers__display.a
LOAD zephyr/drivers/dma/libdrivers__dma.a
LOAD zephyr/drivers/gpio/libdrivers__gpio.a
LOAD zephyr/drivers/i2c/libdrivers__i2c.a
LOAD zephyr/drivers/input/libdrivers__input.a
LOAD zephyr/drivers/led/libdrivers__led.a
LOAD zephyr/drivers/pinctrl/libdrivers__pinctrl.a
LOAD zephyr/drivers/reset/libdrivers__reset.a
LOAD zephyr/drivers/serial/libdrivers__serial.a
LOAD zephyr/drivers/spi/libdrivers__spi.a
LOAD zephyr/drivers/timer/libdrivers__timer.a
LOAD modules/hal_stm32/stm32cube/lib..__modules__hal__stm32__stm32cube.a
LOAD zephyr/kernel/libkernel.a
LOAD zephyr/arch/common/libisr_tables.a
LOAD /home/hxzp/duck-workspace/zephyr-sdk/toolchain/arm-zephyr-eabi/arm-zephyr-eabi/lib/thumb/v7-m/nofp/libm.a
LOAD /home/hxzp/duck-workspace/zephyr-sdk/toolchain/arm-zephyr-eabi/arm-zephyr-eabi/lib/thumb/v7-m/nofp/libc.a
LOAD /home/hxzp/duck-workspace/zephyr-sdk/toolchain/arm-zephyr-eabi/bin/../lib/gcc/arm-zephyr-eabi/12.2.0/thumb/v7-m/nofp/libgcc.a
LOAD /home/hxzp/duck-workspace/zephyr-sdk/toolchain/arm-zephyr-eabi/arm-zephyr-eabi/lib/thumb/v7-m/nofp/libc.a
                0x0000000000000004                _region_min_align = 0x4

.rel.plt        0x0000000008000000        0x0
 *(SORT_BY_ALIGNMENT(.rel.plt))
                [!provide]                        PROVIDE (__rel_iplt_start = .)
 *(SORT_BY_ALIGNMENT(.rel.iplt))
 .rel.iplt      0x0000000008000000        0x0 zephyr/CMakeFiles/zephyr_final.dir/isr_tables.c.obj
                [!provide]                        PROVIDE (__rel_iplt_end = .)

.rela.plt       0x0000000000000000        0x0
 *(SORT_BY_ALIGNMENT(.rela.plt))
                [!provide]                        PROVIDE (__rela_iplt_start = .)
 *(SORT_BY_ALIGNMENT(.rela.iplt))
                [!provide]                        PROVIDE (__rela_iplt_end = .)

.rel.dyn
 *(SORT_BY_ALIGNMENT(.rel.*))

.rela.dyn
 *(SORT_BY_ALIGNMENT(.rela.*))

/DISCARD/
 *(SORT_BY_ALIGNMENT(.plt))

/DISCARD/
 *(SORT_BY_ALIGNMENT(.iplt))
                0x0000000008000000                __rom_region_start = 0x8000000

rom_start       0x0000000008000000      0x130
                0x0000000008000000                __rom_start_address = .
 FILL mask 0x00
                0x0000000008000000                . = (. + (0x0 - (. - __rom_start_address)))
                0x0000000008000000                . = ALIGN (0x4)
                0x0000000008000000                . = ALIGN (0x80)
                0x0000000008000000                . = ALIGN (0x200)
                0x0000000008000000                _vector_start = .
 *(SORT_BY_ALIGNMENT(.exc_vector_table))
 *(SORT_BY_ALIGNMENT(.exc_vector_table.*))
 .exc_vector_table._vector_table_section
                0x0000000008000000       0x40 zephyr/arch/arch/arm/core/cortex_m/libarch__arm__core__cortex_m.a(vector_table.S.obj)
                0x0000000008000000                _vector_table
 *(SORT_BY_ALIGNMENT(.vectors))
                0x0000000008000130                _vector_end = .
                0x0000000008000040                . = ALIGN (0x4)
 *(SORT_BY_ALIGNMENT(.gnu.linkonce.irq_vector_table*))
 .gnu.linkonce.irq_vector_table
                0x0000000008000040       0xf0 zephyr/CMakeFiles/zephyr_final.dir/isr_tables.c.obj
                0x0000000008000040                _irq_vector_table
                0x0000000008000130                _vector_end = .

text            0x0000000008000130     0x87f8
                0x0000000008000130                __text_region_start = .
 *(SORT_BY_ALIGNMENT(.text))
 .text          0x0000000008000130       0xec /home/hxzp/duck-workspace/zephyr-sdk/toolchain/arm-zephyr-eabi/arm-zephyr-eabi/lib/thumb/v7-m/nofp/libc.a(lib_a-memcpy.o)
                0x0000000008000130                memcpy
 .text          0x000000000800021c       0x30 /home/hxzp/duck-workspace/zephyr-sdk/toolchain/arm-zephyr-eabi/bin/../lib/gcc/arm-zephyr-eabi/12.2.0/thumb/v7-m/nofp/libgcc.a(_aeabi_uldivmod.o)
                0x000000000800021c                __aeabi_uldivmod
 .text          0x000000000800024c        0x4 /home/hxzp/duck-workspace/zephyr-sdk/toolchain/arm-zephyr-eabi/bin/../lib/gcc/arm-zephyr-eabi/12.2.0/thumb/v7-m/nofp/libgcc.a(_dvmd_tls.o)
                0x000000000800024c                __aeabi_ldiv0
                0x000000000800024c                __aeabi_idiv0
 .text          0x0000000008000250      0x2a0 /home/hxzp/duck-workspace/zephyr-sdk/toolchain/arm-zephyr-eabi/bin/../lib/gcc/arm-zephyr-eabi/12.2.0/thumb/v7-m/nofp/libgcc.a(_udivmoddi4.o)
                0x0000000008000250                __udivmoddi4
 *(SORT_BY_ALIGNMENT(.text.*))
 .text._Z8led_ctrlPvS_S_
                0x00000000080004f0       0x34 app/libapp.a(led.cpp.obj)
                0x00000000080004f0                led_ctrl(void*, void*, void*)
 .text._Z8led_initv
                0x0000000008000524       0x98 app/libapp.a(led.cpp.obj)
                0x0000000008000524                led_init()
 .text._Z12st7789v_demov
                0x00000000080005bc       0xc0 app/libapp.a(main.cpp.obj)
                0x00000000080005bc                st7789v_demo()
 .text._Z9lcd_fresht
                0x000000000800067c       0x68 app/libapp.a(main.cpp.obj)
                0x000000000800067c                lcd_fresh(unsigned short)
 .text.main     0x00000000080006e4       0x40 app/libapp.a(main.cpp.obj)
                0x00000000080006e4                main
 .text.cbvprintf_package
                0x0000000008000724      0x3a4 zephyr/libzephyr.a(cbprintf_packaged.c.obj)
                0x0000000008000724                cbvprintf_package
 .text.cbprintf_package_convert
                0x0000000008000ac8      0x3d0 zephyr/libzephyr.a(cbprintf_packaged.c.obj)
                0x0000000008000ac8                cbprintf_package_convert
 .text.__printk_hook_install
                0x0000000008000e98        0xc zephyr/libzephyr.a(printk.c.obj)
                0x0000000008000e98                __printk_hook_install
 .text.vsnprintk
                0x0000000008000ea4       0x2c zephyr/libzephyr.a(printk.c.obj)
                0x0000000008000ea4                vsnprintk
 .text.extract_decimal
                0x0000000008000ed0       0x2c zephyr/libzephyr.a(cbprintf_complete.c.obj)
 .text.encode_uint
                0x0000000008000efc       0x9c zephyr/libzephyr.a(cbprintf_complete.c.obj)
 .text.z_cbvprintf_impl
                0x0000000008000f98      0x768 zephyr/libzephyr.a(cbprintf_complete.c.obj)
                0x0000000008000f98                z_cbvprintf_impl
 .text.st_stm32_common_config
                0x0000000008001700       0x24 zephyr/libzephyr.a(soc_config.c.obj)
 .text.soc_early_init_hook
                0x0000000008001724       0x20 zephyr/libzephyr.a(soc.c.obj)
                0x0000000008001724                soc_early_init_hook
 .text.activate_foreach_backend
                0x0000000008001744       0x64 zephyr/libzephyr.a(log_core.c.obj)
 .text.enable_logger
                0x00000000080017a8       0x5c zephyr/libzephyr.a(log_core.c.obj)
 .text.log_process_thread_timer_expiry_fn
                0x0000000008001804        0xc zephyr/libzephyr.a(log_core.c.obj)
 .text.z_log_init
                0x0000000008001810       0x94 zephyr/libzephyr.a(log_core.c.obj)
 .text.log_format_func_t_get
                0x00000000080018a4        0xc zephyr/libzephyr.a(log_core.c.obj)
                0x00000000080018a4                log_format_func_t_get
 .text.log_set_timestamp_func
                0x00000000080018b0       0x20 zephyr/libzephyr.a(log_core.c.obj)
                0x00000000080018b0                log_set_timestamp_func
 .text.z_log_notify_backend_enabled
                0x00000000080018d0       0x1c zephyr/libzephyr.a(log_core.c.obj)
                0x00000000080018d0                z_log_notify_backend_enabled
 .text.z_log_dropped
                0x00000000080018ec       0x44 zephyr/libzephyr.a(log_core.c.obj)
                0x00000000080018ec                z_log_dropped
 .text.z_log_dropped_read_and_clear
                0x0000000008001930       0x20 zephyr/libzephyr.a(log_core.c.obj)
                0x0000000008001930                z_log_dropped_read_and_clear
 .text.dropped_notify
                0x0000000008001950       0x30 zephyr/libzephyr.a(log_core.c.obj)
                0x0000000008001950                dropped_notify
 .text.z_log_msg_init
                0x0000000008001980       0x20 zephyr/libzephyr.a(log_core.c.obj)
                0x0000000008001980                z_log_msg_init
 .text.log_core_init
                0x00000000080019a0       0x50 zephyr/libzephyr.a(log_core.c.obj)
                0x00000000080019a0                log_core_init
 .text.z_log_msg_alloc
                0x00000000080019f0       0x10 zephyr/libzephyr.a(log_core.c.obj)
                0x00000000080019f0                z_log_msg_alloc
 .text.z_log_msg_local_claim
                0x0000000008001a00        0xc zephyr/libzephyr.a(log_core.c.obj)
                0x0000000008001a00                z_log_msg_local_claim
 .text.z_log_msg_free
                0x0000000008001a0c       0x10 zephyr/libzephyr.a(log_core.c.obj)
                0x0000000008001a0c                z_log_msg_free
 .text.z_log_msg_pending
                0x0000000008001a1c        0xc zephyr/libzephyr.a(log_core.c.obj)
                0x0000000008001a1c                z_log_msg_pending
 .text.z_impl_log_process
                0x0000000008001a28       0xb4 zephyr/libzephyr.a(log_core.c.obj)
                0x0000000008001a28                z_impl_log_process
 .text.z_impl_log_panic
                0x0000000008001adc       0x44 zephyr/libzephyr.a(log_core.c.obj)
                0x0000000008001adc                z_impl_log_panic
 .text.log_process_thread_func
                0x0000000008001b20       0x9c zephyr/libzephyr.a(log_core.c.obj)
 .text.z_log_msg_post_finalize
                0x0000000008001bbc       0x78 zephyr/libzephyr.a(log_core.c.obj)
 .text.z_log_msg_commit
                0x0000000008001c34       0x24 zephyr/libzephyr.a(log_core.c.obj)
                0x0000000008001c34                z_log_msg_commit
 .text.log_source_name_get
                0x0000000008001c58       0x1c zephyr/libzephyr.a(log_mgmt.c.obj)
                0x0000000008001c58                log_source_name_get
 .text.z_impl_z_log_msg_static_create
                0x0000000008001c74      0x108 zephyr/libzephyr.a(log_msg.c.obj)
                0x0000000008001c74                z_impl_z_log_msg_static_create
 .text.z_log_msg_runtime_vcreate
                0x0000000008001d7c       0xa0 zephyr/libzephyr.a(log_msg.c.obj)
                0x0000000008001d7c                z_log_msg_runtime_vcreate
 .text.log_msg_get_source_id
                0x0000000008001e1c       0x18 zephyr/libzephyr.a(log_msg.c.obj)
                0x0000000008001e1c                log_msg_get_source_id
 .text.print_formatted
                0x0000000008001e34       0x24 zephyr/libzephyr.a(log_output.c.obj)
 .text.newline_print
                0x0000000008001e58       0x1c zephyr/libzephyr.a(log_output.c.obj)
 .text.log_output_process
                0x0000000008001e74      0x2dc zephyr/libzephyr.a(log_output.c.obj)
                0x0000000008001e74                log_output_process
 .text.log_output_dropped_process
                0x0000000008002150       0x58 zephyr/libzephyr.a(log_output.c.obj)
                0x0000000008002150                log_output_dropped_process
 .text.log_output_timestamp_freq_set
                0x00000000080021a8       0x2c zephyr/libzephyr.a(log_output.c.obj)
                0x00000000080021a8                log_output_timestamp_freq_set
 .text.char_out
                0x00000000080021d4       0x24 zephyr/libzephyr.a(log_backend_uart.c.obj)
 .text.mipi_dbi_spi_init
                0x00000000080021f8       0x88 zephyr/libzephyr.a(mipi_dbi_spi.c.obj)
 .text.z_arm_fatal_error
                0x0000000008002280       0xb4 zephyr/arch/arch/arm/core/libarch__arm__core.a(fatal.c.obj)
                0x0000000008002280                z_arm_fatal_error
 .text.z_SysNmiOnReset
                0x0000000008002334        0x8 zephyr/arch/arch/arm/core/libarch__arm__core.a(nmi_on_reset.S.obj)
                0x0000000008002334                z_SysNmiOnReset
 .text._HandlerModeExit
                0x000000000800233c       0x20 zephyr/arch/arch/arm/core/cortex_m/libarch__arm__core__cortex_m.a(exc_exit.c.obj)
                0x000000000800233c                z_arm_exc_exit
                0x000000000800233c                z_arm_int_exit
 .text.mem_manage_fault.constprop.0
                0x000000000800235c       0xac zephyr/arch/arch/arm/core/cortex_m/libarch__arm__core__cortex_m.a(fault.c.obj)
 .text.usage_fault.constprop.0
                0x0000000008002408       0xa8 zephyr/arch/arch/arm/core/cortex_m/libarch__arm__core__cortex_m.a(fault.c.obj)
 .text.bus_fault.constprop.0
                0x00000000080024b0       0xb8 zephyr/arch/arch/arm/core/cortex_m/libarch__arm__core__cortex_m.a(fault.c.obj)
 .text.z_arm_fault
                0x0000000008002568      0x1d0 zephyr/arch/arch/arm/core/cortex_m/libarch__arm__core__cortex_m.a(fault.c.obj)
                0x0000000008002568                z_arm_fault
 .text.z_arm_fault_init
                0x0000000008002738       0x18 zephyr/arch/arch/arm/core/cortex_m/libarch__arm__core__cortex_m.a(fault.c.obj)
                0x0000000008002738                z_arm_fault_init
 .text.__fault  0x0000000008002750       0x14 zephyr/arch/arch/arm/core/cortex_m/libarch__arm__core__cortex_m.a(fault_s.S.obj)
                0x0000000008002750                z_arm_bus_fault
                0x0000000008002750                z_arm_usage_fault
                0x0000000008002750                z_arm_mpu_fault
                0x0000000008002750                z_arm_exc_spurious
                0x0000000008002750                z_arm_debug_monitor
                0x0000000008002750                z_arm_hard_fault
 .text._reset_section
                0x0000000008002764       0x34 zephyr/arch/arch/arm/core/cortex_m/libarch__arm__core__cortex_m.a(reset.S.obj)
                0x0000000008002764                z_arm_reset
                0x0000000008002764                __start
 .text.z_impl_k_thread_abort
                0x0000000008002798       0x2c zephyr/arch/arch/arm/core/cortex_m/libarch__arm__core__cortex_m.a(thread_abort.c.obj)
                0x0000000008002798                z_impl_k_thread_abort
 .text.z_arm_pendsv
                0x00000000080027c4       0x48 zephyr/arch/arch/arm/core/cortex_m/libarch__arm__core__cortex_m.a(swap_helper.S.obj)
                0x00000000080027c4                z_arm_pendsv
 .text.z_arm_svc
                0x000000000800280c       0x24 zephyr/arch/arch/arm/core/cortex_m/libarch__arm__core__cortex_m.a(swap_helper.S.obj)
                0x000000000800280c                z_arm_svc
 .text.arm_irq_enable
                0x0000000008002830       0x1c zephyr/arch/arch/arm/core/cortex_m/libarch__arm__core__cortex_m.a(irq_manage.c.obj)
                0x0000000008002830                arm_irq_enable
 .text.arm_irq_priority_set
                0x000000000800284c       0x2c zephyr/arch/arch/arm/core/cortex_m/libarch__arm__core__cortex_m.a(irq_manage.c.obj)
                0x000000000800284c                arm_irq_priority_set
 .text.relocate_vector_table
                0x0000000008002878       0x20 zephyr/arch/arch/arm/core/cortex_m/libarch__arm__core__cortex_m.a(prep_c.c.obj)
                0x0000000008002878                relocate_vector_table
 .text.arch_new_thread
                0x0000000008002898       0x38 zephyr/arch/arch/arm/core/cortex_m/libarch__arm__core__cortex_m.a(thread.c.obj)
                0x0000000008002898                arch_new_thread
 .text.arch_switch_to_main_thread
                0x00000000080028d0       0x30 zephyr/arch/arch/arm/core/cortex_m/libarch__arm__core__cortex_m.a(thread.c.obj)
                0x00000000080028d0                arch_switch_to_main_thread
 .text.z_arm_cpu_idle_init
                0x0000000008002900        0xc zephyr/arch/arch/arm/core/cortex_m/libarch__arm__core__cortex_m.a(cpu_idle.c.obj)
                0x0000000008002900                z_arm_cpu_idle_init
 .text.z_arm_interrupt_init
                0x000000000800290c       0x18 zephyr/arch/arch/arm/core/cortex_m/libarch__arm__core__cortex_m.a(irq_init.c.obj)
                0x000000000800290c                z_arm_interrupt_init
 .text._isr_wrapper
                0x0000000008002924       0x24 zephyr/arch/arch/arm/core/cortex_m/libarch__arm__core__cortex_m.a(isr_wrapper.c.obj)
                0x0000000008002924                _isr_wrapper
 .text.__stdout_hook_install
                0x0000000008002948        0xc zephyr/lib/libc/newlib/liblib__libc__newlib.a(libc-hooks.c.obj)
                0x0000000008002948                __stdout_hook_install
 .text.input_thread
                0x0000000008002954       0x5c zephyr/subsys/input/libsubsys__input.a(input.c.obj)
 .text.input_report
                0x00000000080029b0       0x6c zephyr/subsys/input/libsubsys__input.a(input.c.obj)
                0x00000000080029b0                input_report
 .text.stm32_exti_isr
                0x0000000008002a1c       0x50 zephyr/drivers/interrupt_controller/libdrivers__interrupt_controller.a(intc_exti_stm32.c.obj)
 .text.stm32_fill_irq_table
                0x0000000008002a6c       0x18 zephyr/drivers/interrupt_controller/libdrivers__interrupt_controller.a(intc_exti_stm32.c.obj)
 .text.stm32_gpio_intc_enable_line
                0x0000000008002a84       0x2c zephyr/drivers/interrupt_controller/libdrivers__interrupt_controller.a(intc_exti_stm32.c.obj)
                0x0000000008002a84                stm32_gpio_intc_enable_line
 .text.stm32_gpio_intc_disable_line
                0x0000000008002ab0       0x10 zephyr/drivers/interrupt_controller/libdrivers__interrupt_controller.a(intc_exti_stm32.c.obj)
                0x0000000008002ab0                stm32_gpio_intc_disable_line
 .text.stm32_gpio_intc_select_line_trigger
                0x0000000008002ac0       0x50 zephyr/drivers/interrupt_controller/libdrivers__interrupt_controller.a(intc_exti_stm32.c.obj)
                0x0000000008002ac0                stm32_gpio_intc_select_line_trigger
 .text.stm32_gpio_intc_set_irq_callback
                0x0000000008002b10       0x40 zephyr/drivers/interrupt_controller/libdrivers__interrupt_controller.a(intc_exti_stm32.c.obj)
                0x0000000008002b10                stm32_gpio_intc_set_irq_callback
 .text.stm32_gpio_intc_remove_irq_callback
                0x0000000008002b50       0x24 zephyr/drivers/interrupt_controller/libdrivers__interrupt_controller.a(intc_exti_stm32.c.obj)
                0x0000000008002b50                stm32_gpio_intc_remove_irq_callback
 .text.stm32_exti_get_line_src_port
                0x0000000008002b74       0x30 zephyr/drivers/interrupt_controller/libdrivers__interrupt_controller.a(intc_exti_stm32.c.obj)
                0x0000000008002b74                stm32_exti_get_line_src_port
 .text.stm32_clock_control_get_subsys_rate
                0x0000000008002ba4       0x88 zephyr/drivers/clock_control/libdrivers__clock_control.a(clock_stm32_ll_common.c.obj)
 .text.stm32_clock_control_init
                0x0000000008002c2c      0x108 zephyr/drivers/clock_control/libdrivers__clock_control.a(clock_stm32_ll_common.c.obj)
                0x0000000008002c2c                stm32_clock_control_init
 .text.config_pll_sysclock
                0x0000000008002d34       0x1c zephyr/drivers/clock_control/libdrivers__clock_control.a(clock_stm32f1.c.obj)
                0x0000000008002d34                config_pll_sysclock
 .text.uart_console_init
                0x0000000008002d50       0x28 zephyr/drivers/console/libdrivers__console.a(uart_console.c.obj)
 .text.console_out
                0x0000000008002d78       0x28 zephyr/drivers/console/libdrivers__console.a(uart_console.c.obj)
 .text.st7789v_set_orientation.part.0
                0x0000000008002da0       0x1c zephyr/drivers/display/libdrivers__display.a(display_st7789v.c.obj)
 .text.st7789v_set_pixel_format.part.0
                0x0000000008002dbc       0x1c zephyr/drivers/display/libdrivers__display.a(display_st7789v.c.obj)
 .text.st7789v_init
                0x0000000008002dd8      0x2b0 zephyr/drivers/display/libdrivers__display.a(display_st7789v.c.obj)
 .text.dma_stm32_get_status
                0x0000000008003088       0x48 zephyr/drivers/dma/libdrivers__dma.a(dma_stm32.c.obj)
 .text.dma_stm32_stop
                0x00000000080030d0       0x74 zephyr/drivers/dma/libdrivers__dma.a(dma_stm32.c.obj)
 .text.dma_stm32_init
                0x0000000008003144       0x84 zephyr/drivers/dma/libdrivers__dma.a(dma_stm32.c.obj)
 .text.dma_stm32_irq_handler
                0x00000000080031c8       0xbc zephyr/drivers/dma/libdrivers__dma.a(dma_stm32.c.obj)
 .text.dma_stm32_configure
                0x0000000008003284      0x2c0 zephyr/drivers/dma/libdrivers__dma.a(dma_stm32.c.obj)
 .text.dma_stm32_reload
                0x0000000008003544      0x104 zephyr/drivers/dma/libdrivers__dma.a(dma_stm32.c.obj)
 .text.dma_stm32_id_to_stream
                0x0000000008003648        0xc zephyr/drivers/dma/libdrivers__dma.a(dma_stm32_v2.c.obj)
                0x0000000008003648                dma_stm32_id_to_stream
 .text.dma_stm32_clear_ht
                0x0000000008003654        0xc zephyr/drivers/dma/libdrivers__dma.a(dma_stm32_v2.c.obj)
                0x0000000008003654                dma_stm32_clear_ht
 .text.dma_stm32_clear_tc
                0x0000000008003660        0xc zephyr/drivers/dma/libdrivers__dma.a(dma_stm32_v2.c.obj)
                0x0000000008003660                dma_stm32_clear_tc
 .text.dma_stm32_is_ht_active
                0x000000000800366c       0x18 zephyr/drivers/dma/libdrivers__dma.a(dma_stm32_v2.c.obj)
                0x000000000800366c                dma_stm32_is_ht_active
 .text.dma_stm32_is_tc_active
                0x0000000008003684       0x18 zephyr/drivers/dma/libdrivers__dma.a(dma_stm32_v2.c.obj)
                0x0000000008003684                dma_stm32_is_tc_active
 .text.dma_stm32_clear_te
                0x000000000800369c        0xc zephyr/drivers/dma/libdrivers__dma.a(dma_stm32_v2.c.obj)
                0x000000000800369c                dma_stm32_clear_te
 .text.dma_stm32_is_te_active
                0x00000000080036a8       0x18 zephyr/drivers/dma/libdrivers__dma.a(dma_stm32_v2.c.obj)
                0x00000000080036a8                dma_stm32_is_te_active
 .text.dma_stm32_is_gi_active
                0x00000000080036c0       0x18 zephyr/drivers/dma/libdrivers__dma.a(dma_stm32_v2.c.obj)
                0x00000000080036c0                dma_stm32_is_gi_active
 .text.stm32_dma_dump_stream_irq
                0x00000000080036d8       0x5c zephyr/drivers/dma/libdrivers__dma.a(dma_stm32_v2.c.obj)
                0x00000000080036d8                stm32_dma_dump_stream_irq
 .text.stm32_dma_is_tc_irq_active
                0x0000000008003734       0x30 zephyr/drivers/dma/libdrivers__dma.a(dma_stm32_v2.c.obj)
                0x0000000008003734                stm32_dma_is_tc_irq_active
 .text.stm32_dma_is_ht_irq_active
                0x0000000008003764       0x30 zephyr/drivers/dma/libdrivers__dma.a(dma_stm32_v2.c.obj)
                0x0000000008003764                stm32_dma_is_ht_irq_active
 .text.stm32_dma_enable_stream
                0x0000000008003794       0x20 zephyr/drivers/dma/libdrivers__dma.a(dma_stm32_v2.c.obj)
                0x0000000008003794                stm32_dma_enable_stream
 .text.stm32_dma_is_enabled_stream
                0x00000000080037b4       0x20 zephyr/drivers/dma/libdrivers__dma.a(dma_stm32_v2.c.obj)
                0x00000000080037b4                stm32_dma_is_enabled_stream
 .text.stm32_dma_disable_stream
                0x00000000080037d4       0x30 zephyr/drivers/dma/libdrivers__dma.a(dma_stm32_v2.c.obj)
                0x00000000080037d4                stm32_dma_disable_stream
 .text.gpio_stm32_pin_interrupt_configure
                0x0000000008003804       0xb0 zephyr/drivers/gpio/libdrivers__gpio.a(gpio_stm32.c.obj)
 .text.gpio_stm32_init
                0x00000000080038b4       0x38 zephyr/drivers/gpio/libdrivers__gpio.a(gpio_stm32.c.obj)
 .text.gpio_keys_change_deferred
                0x00000000080038ec       0x78 zephyr/drivers/input/libdrivers__input.a(input_gpio_keys.c.obj)
 .text.gpio_keys_init
                0x0000000008003964      0x194 zephyr/drivers/input/libdrivers__input.a(input_gpio_keys.c.obj)
 .text.led_gpio_init
                0x0000000008003af8      0x108 zephyr/drivers/led/libdrivers__led.a(led_gpio.c.obj)
 .text.pinctrl_configure_pins
                0x0000000008003c00       0xfc zephyr/drivers/pinctrl/libdrivers__pinctrl.a(pinctrl_stm32.c.obj)
                0x0000000008003c00                pinctrl_configure_pins
 .text.uart_stm32_set_baudrate.part.0
                0x0000000008003cfc       0x14 zephyr/drivers/serial/libdrivers__serial.a(uart_stm32.c.obj)
 .text.uart_stm32_parameters_set
                0x0000000008003d10       0xf8 zephyr/drivers/serial/libdrivers__serial.a(uart_stm32.c.obj)
 .text.uart_stm32_init
                0x0000000008003e08       0xe8 zephyr/drivers/serial/libdrivers__serial.a(uart_stm32.c.obj)
 .text.uart_stm32_configure
                0x0000000008003ef0      0x13c zephyr/drivers/serial/libdrivers__serial.a(uart_stm32.c.obj)
 .text.spi_dma_move_tx_buffers
                0x000000000800402c       0xac zephyr/drivers/spi/libdrivers__spi.a(spi_ll_stm32.c.obj)
 .text.dma_callback
                0x00000000080040d8       0x58 zephyr/drivers/spi/libdrivers__spi.a(spi_ll_stm32.c.obj)
 .text.spi_dma_move_rx_buffers
                0x0000000008004130       0xac zephyr/drivers/spi/libdrivers__spi.a(spi_ll_stm32.c.obj)
 .text.spi_stm32_configure
                0x00000000080041dc      0x1dc zephyr/drivers/spi/libdrivers__spi.a(spi_ll_stm32.c.obj)
 .text.spi_stm32_transceive
                0x00000000080043b8      0x6ac zephyr/drivers/spi/libdrivers__spi.a(spi_ll_stm32.c.obj)
 .text.spi_stm32_init
                0x0000000008004a64      0x17c zephyr/drivers/spi/libdrivers__spi.a(spi_ll_stm32.c.obj)
 .text.elapsed  0x0000000008004be0       0x4c zephyr/drivers/timer/libdrivers__timer.a(cortex_m_systick.c.obj)
 .text.sys_clock_driver_init
                0x0000000008004c2c       0x38 zephyr/drivers/timer/libdrivers__timer.a(cortex_m_systick.c.obj)
 .text.sys_clock_isr
                0x0000000008004c64       0x60 zephyr/drivers/timer/libdrivers__timer.a(cortex_m_systick.c.obj)
                0x0000000008004c64                sys_clock_isr
 .text.sys_clock_set_timeout
                0x0000000008004cc4       0xfc zephyr/drivers/timer/libdrivers__timer.a(cortex_m_systick.c.obj)
                0x0000000008004cc4                sys_clock_set_timeout
 .text.sys_clock_elapsed
                0x0000000008004dc0       0x3c zephyr/drivers/timer/libdrivers__timer.a(cortex_m_systick.c.obj)
                0x0000000008004dc0                sys_clock_elapsed
 .text.sys_clock_cycle_get_32
                0x0000000008004dfc       0x28 zephyr/drivers/timer/libdrivers__timer.a(cortex_m_systick.c.obj)
                0x0000000008004dfc                sys_clock_cycle_get_32
 .text.HAL_RCC_GetSysClockFreq
                0x0000000008004e24       0x4c modules/hal_stm32/stm32cube/lib..__modules__hal__stm32__stm32cube.a(stm32f1xx_hal_rcc.c.obj)
                0x0000000008004e24                HAL_RCC_GetSysClockFreq
 .text.LL_DMA_Init
                0x0000000008004e70       0x50 modules/hal_stm32/stm32cube/lib..__modules__hal__stm32__stm32cube.a(stm32f1xx_ll_dma.c.obj)
                0x0000000008004e70                LL_DMA_Init
 .text.LL_SetFlashLatency
                0x0000000008004ec0       0x4c modules/hal_stm32/stm32cube/lib..__modules__hal__stm32__stm32cube.a(stm32f1xx_ll_utils.c.obj)
                0x0000000008004ec0                LL_SetFlashLatency
 .text.k_sys_fatal_error_handler
                0x0000000008004f0c       0x20 zephyr/kernel/libkernel.a(fatal.c.obj)
                0x0000000008004f0c                k_sys_fatal_error_handler
 .text.z_fatal_error
                0x0000000008004f2c       0xe8 zephyr/kernel/libkernel.a(fatal.c.obj)
                0x0000000008004f2c                z_fatal_error
 .text.z_sys_init_run_level
                0x0000000008005014       0x30 zephyr/kernel/libkernel.a(init.c.obj)
 .text.bg_thread_main
                0x0000000008005044       0xdc zephyr/kernel/libkernel.a(init.c.obj)
 .text.z_bss_zero
                0x0000000008005120       0x18 zephyr/kernel/libkernel.a(init.c.obj)
                0x0000000008005120                z_bss_zero
 .text.z_init_cpu
                0x0000000008005138       0x68 zephyr/kernel/libkernel.a(init.c.obj)
                0x0000000008005138                z_init_cpu
 .text.z_cstart
                0x00000000080051a0       0xcc zephyr/kernel/libkernel.a(init.c.obj)
                0x00000000080051a0                z_cstart
 .text.z_impl_k_msgq_put
                0x000000000800526c       0xb0 zephyr/kernel/libkernel.a(msg_q.c.obj)
                0x000000000800526c                z_impl_k_msgq_put
 .text.z_impl_k_msgq_get
                0x000000000800531c       0xc4 zephyr/kernel/libkernel.a(msg_q.c.obj)
                0x000000000800531c                z_impl_k_msgq_get
 .text.z_impl_k_mutex_lock
                0x00000000080053e0       0xf0 zephyr/kernel/libkernel.a(mutex.c.obj)
                0x00000000080053e0                z_impl_k_mutex_lock
 .text.z_impl_k_mutex_unlock
                0x00000000080054d0       0xa0 zephyr/kernel/libkernel.a(mutex.c.obj)
                0x00000000080054d0                z_impl_k_mutex_unlock
 .text.z_impl_k_sem_give
                0x0000000008005570       0x68 zephyr/kernel/libkernel.a(sem.c.obj)
                0x0000000008005570                z_impl_k_sem_give
 .text.z_impl_k_sem_take
                0x00000000080055d8       0x4c zephyr/kernel/libkernel.a(sem.c.obj)
                0x00000000080055d8                z_impl_k_sem_take
 .text.z_impl_k_sem_reset
                0x0000000008005624       0x74 zephyr/kernel/libkernel.a(sem.c.obj)
                0x0000000008005624                z_impl_k_sem_reset
 .text.k_sys_work_q_init
                0x0000000008005698       0x2c zephyr/kernel/libkernel.a(system_work_q.c.obj)
 .text.work_queue_main
                0x00000000080056c4      0x144 zephyr/kernel/libkernel.a(work.c.obj)
 .text.submit_to_queue_locked
                0x0000000008005808       0xb0 zephyr/kernel/libkernel.a(work.c.obj)
 .text.k_work_queue_start
                0x00000000080058b8       0x7c zephyr/kernel/libkernel.a(work.c.obj)
                0x00000000080058b8                k_work_queue_start
 .text.k_work_reschedule_for_queue
                0x0000000008005934       0x5c zephyr/kernel/libkernel.a(work.c.obj)
                0x0000000008005934                k_work_reschedule_for_queue
 .text.k_work_reschedule
                0x0000000008005990        0xc zephyr/kernel/libkernel.a(work.c.obj)
                0x0000000008005990                k_work_reschedule
 .text.z_setup_new_thread
                0x000000000800599c       0x54 zephyr/kernel/libkernel.a(thread.c.obj)
                0x000000000800599c                z_setup_new_thread
 .text.z_impl_k_thread_create
                0x00000000080059f0       0x58 zephyr/kernel/libkernel.a(thread.c.obj)
                0x00000000080059f0                z_impl_k_thread_create
 .text.z_dummy_thread_init
                0x0000000008005a48       0x18 zephyr/kernel/libkernel.a(thread.c.obj)
                0x0000000008005a48                z_dummy_thread_init
 .text.z_swap_irqlock
                0x0000000008005a60       0x30 zephyr/kernel/libkernel.a(sched.c.obj)
 .text.ready_thread
                0x0000000008005a90       0x84 zephyr/kernel/libkernel.a(sched.c.obj)
 .text.unready_thread
                0x0000000008005b14       0x54 zephyr/kernel/libkernel.a(sched.c.obj)
 .text.add_thread_timeout
                0x0000000008005b68       0x1c zephyr/kernel/libkernel.a(sched.c.obj)
 .text.move_thread_to_end_of_prio_q
                0x0000000008005b84       0x90 zephyr/kernel/libkernel.a(sched.c.obj)
                0x0000000008005b84                move_thread_to_end_of_prio_q
 .text.z_pend_curr
                0x0000000008005c14       0x44 zephyr/kernel/libkernel.a(sched.c.obj)
                0x0000000008005c14                z_pend_curr
 .text.z_thread_prio_set
                0x0000000008005c58       0xe4 zephyr/kernel/libkernel.a(sched.c.obj)
                0x0000000008005c58                z_thread_prio_set
 .text.z_reschedule
                0x0000000008005d3c       0x24 zephyr/kernel/libkernel.a(sched.c.obj)
                0x0000000008005d3c                z_reschedule
 .text.z_reschedule_irqlock
                0x0000000008005d60       0x28 zephyr/kernel/libkernel.a(sched.c.obj)
                0x0000000008005d60                z_reschedule_irqlock
 .text.k_sched_lock
                0x0000000008005d88       0x28 zephyr/kernel/libkernel.a(sched.c.obj)
                0x0000000008005d88                k_sched_lock
 .text.k_sched_unlock
                0x0000000008005db0       0x68 zephyr/kernel/libkernel.a(sched.c.obj)
                0x0000000008005db0                k_sched_unlock
 .text.z_sched_init
                0x0000000008005e18       0x10 zephyr/kernel/libkernel.a(sched.c.obj)
                0x0000000008005e18                z_sched_init
 .text.z_impl_k_yield
                0x0000000008005e28       0x88 zephyr/kernel/libkernel.a(sched.c.obj)
                0x0000000008005e28                z_impl_k_yield
 .text.z_tick_sleep
                0x0000000008005eb0       0x78 zephyr/kernel/libkernel.a(sched.c.obj)
 .text.z_impl_k_wakeup
                0x0000000008005f28       0x48 zephyr/kernel/libkernel.a(sched.c.obj)
                0x0000000008005f28                z_impl_k_wakeup
 .text.z_impl_k_sched_current_thread_query
                0x0000000008005f70        0xc zephyr/kernel/libkernel.a(sched.c.obj)
                0x0000000008005f70                z_impl_k_sched_current_thread_query
 .text.z_thread_abort
                0x0000000008005f7c      0x138 zephyr/kernel/libkernel.a(sched.c.obj)
                0x0000000008005f7c                z_thread_abort
 .text.z_sched_wait
                0x00000000080060b4       0x24 zephyr/kernel/libkernel.a(sched.c.obj)
                0x00000000080060b4                z_sched_wait
 .text.slice_timeout
                0x00000000080060d8       0x20 zephyr/kernel/libkernel.a(timeslicing.c.obj)
 .text.thread_is_sliceable
                0x00000000080060f8       0x3c zephyr/kernel/libkernel.a(timeslicing.c.obj)
                0x00000000080060f8                thread_is_sliceable
 .text.z_reset_time_slice
                0x0000000008006134       0x50 zephyr/kernel/libkernel.a(timeslicing.c.obj)
                0x0000000008006134                z_reset_time_slice
 .text.z_time_slice
                0x0000000008006184       0x60 zephyr/kernel/libkernel.a(timeslicing.c.obj)
                0x0000000008006184                z_time_slice
 .text.z_data_copy
                0x00000000080061e4       0x38 zephyr/kernel/libkernel.a(xip.c.obj)
                0x00000000080061e4                z_data_copy
 .text.first    0x000000000800621c       0x10 zephyr/kernel/libkernel.a(timeout.c.obj)
 .text.elapsed  0x000000000800622c       0x14 zephyr/kernel/libkernel.a(timeout.c.obj)
 .text.remove_timeout
                0x0000000008006240       0x38 zephyr/kernel/libkernel.a(timeout.c.obj)
 .text.z_add_timeout
                0x0000000008006278      0x120 zephyr/kernel/libkernel.a(timeout.c.obj)
                0x0000000008006278                z_add_timeout
 .text.sys_clock_announce
                0x0000000008006398       0xbc zephyr/kernel/libkernel.a(timeout.c.obj)
                0x0000000008006398                sys_clock_announce
 .text.sys_clock_tick_get
                0x0000000008006454       0x30 zephyr/kernel/libkernel.a(timeout.c.obj)
                0x0000000008006454                sys_clock_tick_get
 .text.z_timer_expiration_handler
                0x0000000008006484      0x110 zephyr/kernel/libkernel.a(timer.c.obj)
                0x0000000008006484                z_timer_expiration_handler
 .text.z_impl_k_timer_start
                0x0000000008006594       0x70 zephyr/kernel/libkernel.a(timer.c.obj)
                0x0000000008006594                z_impl_k_timer_start
 .text.k_malloc
                0x0000000008006604       0x14 zephyr/kernel/libkernel.a(mempool.c.obj)
                0x0000000008006604                k_malloc
 .text.k_thread_system_pool_assign
                0x0000000008006618        0xc zephyr/kernel/libkernel.a(mempool.c.obj)
                0x0000000008006618                k_thread_system_pool_assign
 .text.boot_banner
                0x0000000008006624        0xc zephyr/kernel/libkernel.a(banner.c.obj)
                0x0000000008006624                boot_banner
 .text.statics_init
                0x0000000008006630       0x24 zephyr/kernel/libkernel.a(kheap.c.obj)
 .text.memset   0x0000000008006654       0xa0 /home/hxzp/duck-workspace/zephyr-sdk/toolchain/arm-zephyr-eabi/arm-zephyr-eabi/lib/thumb/v7-m/nofp/libc.a(lib_a-memset.o)
                0x0000000008006654                memset
 .text.strlen   0x00000000080066f4       0x5c /home/hxzp/duck-workspace/zephyr-sdk/toolchain/arm-zephyr-eabi/arm-zephyr-eabi/lib/thumb/v7-m/nofp/libc.a(lib_a-strlen-stub.o)
                0x00000000080066f4                strlen
 .text.strnlen  0x0000000008006750       0x24 /home/hxzp/duck-workspace/zephyr-sdk/toolchain/arm-zephyr-eabi/arm-zephyr-eabi/lib/thumb/v7-m/nofp/libc.a(lib_a-strnlen.o)
                0x0000000008006750                strnlen
 .text._OffsetAbsSyms
                0x0000000008006774        0x2 zephyr/CMakeFiles/offsets.dir/./arch/arm/core/offsets/offsets.c.obj
                0x0000000008006774                _OffsetAbsSyms
 .text.gpio_pin_configure_dt.constprop.0
                0x0000000008006776       0x34 app/libapp.a(led.cpp.obj)
 .text.gpio_pin_toggle_dt.isra.0
                0x00000000080067aa       0x10 app/libapp.a(led.cpp.obj)
 .text.k_msleep.constprop.0.isra.0
                0x00000000080067ba        0xa app/libapp.a(led.cpp.obj)
 .text.chunk_size
                0x00000000080067c4        0xa zephyr/libzephyr.a(heap.c.obj)
 .text.free_list_add
                0x00000000080067ce       0x4e zephyr/libzephyr.a(heap.c.obj)
 .text.free_list_remove_bidx
                0x000000000800681c       0x3a zephyr/libzephyr.a(heap.c.obj)
 .text.free_list_remove
                0x0000000008006856       0x1a zephyr/libzephyr.a(heap.c.obj)
 .text.alloc_chunk
                0x0000000008006870       0x6e zephyr/libzephyr.a(heap.c.obj)
 .text.merge_chunks
                0x00000000080068de       0x2c zephyr/libzephyr.a(heap.c.obj)
 .text.split_chunks
                0x000000000800690a       0x34 zephyr/libzephyr.a(heap.c.obj)
 .text.free_chunk
                0x000000000800693e       0x62 zephyr/libzephyr.a(heap.c.obj)
 .text.sys_heap_free
                0x00000000080069a0       0x1e zephyr/libzephyr.a(heap.c.obj)
                0x00000000080069a0                sys_heap_free
 .text.sys_heap_alloc
                0x00000000080069be       0x5a zephyr/libzephyr.a(heap.c.obj)
                0x00000000080069be                sys_heap_alloc
 .text.sys_heap_noalign_alloc
                0x0000000008006a18        0x6 zephyr/libzephyr.a(heap.c.obj)
                0x0000000008006a18                sys_heap_noalign_alloc
 .text.sys_heap_init
                0x0000000008006a1e       0x7a zephyr/libzephyr.a(heap.c.obj)
                0x0000000008006a1e                sys_heap_init
 .text.cbpprintf_external
                0x0000000008006a98       0x62 zephyr/libzephyr.a(cbprintf_packaged.c.obj)
                0x0000000008006a98                cbpprintf_external
 .text.is_ptr   0x0000000008006afa       0x4a zephyr/libzephyr.a(cbprintf_packaged.c.obj)
                0x0000000008006afa                is_ptr
 .text.arch_printk_char_out
                0x0000000008006b44        0x4 zephyr/libzephyr.a(printk.c.obj)
                0x0000000008006b44                arch_printk_char_out
 .text.str_out  0x0000000008006b48       0x24 zephyr/libzephyr.a(printk.c.obj)
 .text.printk   0x0000000008006b6c       0x1a zephyr/libzephyr.a(printk.c.obj)
                0x0000000008006b6c                printk
 .text.snprintk
                0x0000000008006b86       0x1a zephyr/libzephyr.a(printk.c.obj)
                0x0000000008006b86                snprintk
 .text.z_thread_entry
                0x0000000008006ba0       0x14 zephyr/libzephyr.a(thread_entry.c.obj)
                0x0000000008006ba0                z_thread_entry
 .text.outs     0x0000000008006bb4       0x2e zephyr/libzephyr.a(cbprintf_complete.c.obj)
 .text.free_space
                0x0000000008006be2       0x26 zephyr/libzephyr.a(mpsc_pbuf.c.obj)
 .text.get_usage
                0x0000000008006c08       0x22 zephyr/libzephyr.a(mpsc_pbuf.c.obj)
 .text.idx_inc  0x0000000008006c2a       0x1c zephyr/libzephyr.a(mpsc_pbuf.c.obj)
 .text.rd_idx_inc
                0x0000000008006c46       0x18 zephyr/libzephyr.a(mpsc_pbuf.c.obj)
 .text.add_skip_item
                0x0000000008006c5e       0x3e zephyr/libzephyr.a(mpsc_pbuf.c.obj)
 .text.drop_item_locked
                0x0000000008006c9c      0x100 zephyr/libzephyr.a(mpsc_pbuf.c.obj)
 .text.post_drop_action
                0x0000000008006d9c       0x36 zephyr/libzephyr.a(mpsc_pbuf.c.obj)
 .text.max_utilization_update
                0x0000000008006dd2       0x1a zephyr/libzephyr.a(mpsc_pbuf.c.obj)
 .text.mpsc_pbuf_init
                0x0000000008006dec       0x42 zephyr/libzephyr.a(mpsc_pbuf.c.obj)
                0x0000000008006dec                mpsc_pbuf_init
 .text.mpsc_pbuf_alloc
                0x0000000008006e2e       0xfe zephyr/libzephyr.a(mpsc_pbuf.c.obj)
                0x0000000008006e2e                mpsc_pbuf_alloc
 .text.mpsc_pbuf_commit
                0x0000000008006f2c       0x3e zephyr/libzephyr.a(mpsc_pbuf.c.obj)
                0x0000000008006f2c                mpsc_pbuf_commit
 .text.mpsc_pbuf_claim
                0x0000000008006f6a       0xa8 zephyr/libzephyr.a(mpsc_pbuf.c.obj)
                0x0000000008006f6a                mpsc_pbuf_claim
 .text.mpsc_pbuf_free
                0x0000000008007012       0x76 zephyr/libzephyr.a(mpsc_pbuf.c.obj)
                0x0000000008007012                mpsc_pbuf_free
 .text.mpsc_pbuf_is_pending
                0x0000000008007088       0x32 zephyr/libzephyr.a(mpsc_pbuf.c.obj)
                0x0000000008007088                mpsc_pbuf_is_pending
 .text._ConfigAbsSyms
                0x00000000080070ba        0x2 zephyr/libzephyr.a(configs.c.obj)
                0x00000000080070ba                _ConfigAbsSyms
 .text.log_msg_generic_get_wlen
                0x00000000080070bc       0x20 zephyr/libzephyr.a(log_core.c.obj)
 .text.dummy_timestamp
                0x00000000080070dc        0x4 zephyr/libzephyr.a(log_core.c.obj)
 .text.atomic_inc
                0x00000000080070e0       0x1a zephyr/libzephyr.a(log_core.c.obj)
 .text.default_lf_get_timestamp
                0x00000000080070fa       0x10 zephyr/libzephyr.a(log_core.c.obj)
 .text.z_log_vprintk
                0x000000000800710a       0x1c zephyr/libzephyr.a(log_core.c.obj)
                0x000000000800710a                z_log_vprintk
 .text.z_log_notify_drop
                0x0000000008007126        0x6 zephyr/libzephyr.a(log_core.c.obj)
 .text.z_log_get_tag
                0x000000000800712c        0x4 zephyr/libzephyr.a(log_core.c.obj)
                0x000000000800712c                z_log_get_tag
 .text.log_backend_enable
                0x0000000008007130       0x12 zephyr/libzephyr.a(log_mgmt.c.obj)
                0x0000000008007130                log_backend_enable
 .text.z_cbprintf_cpy
                0x0000000008007142       0x2e zephyr/libzephyr.a(log_msg.c.obj)
 .text.z_log_msg_finalize
                0x0000000008007170       0x32 zephyr/libzephyr.a(log_msg.c.obj)
                0x0000000008007170                z_log_msg_finalize
 .text.z_log_msg_simple_create
                0x00000000080071a2       0x6e zephyr/libzephyr.a(log_msg.c.obj)
 .text.z_impl_z_log_msg_simple_create_0
                0x0000000008007210       0x12 zephyr/libzephyr.a(log_msg.c.obj)
                0x0000000008007210                z_impl_z_log_msg_simple_create_0
 .text.z_impl_z_log_msg_simple_create_1
                0x0000000008007222       0x14 zephyr/libzephyr.a(log_msg.c.obj)
                0x0000000008007222                z_impl_z_log_msg_simple_create_1
 .text.z_impl_z_log_msg_simple_create_2
                0x0000000008007236       0x18 zephyr/libzephyr.a(log_msg.c.obj)
                0x0000000008007236                z_impl_z_log_msg_simple_create_2
 .text.log_output_write
                0x000000000800724e       0x1c zephyr/libzephyr.a(log_output.c.obj)
 .text.log_output_flush
                0x000000000800726a       0x18 zephyr/libzephyr.a(log_output.c.obj)
 .text.cbvprintf
                0x0000000008007282        0xe zephyr/libzephyr.a(log_output.c.obj)
 .text.out_func
                0x0000000008007290       0x36 zephyr/libzephyr.a(log_output.c.obj)
 .text.cr_out_func
                0x00000000080072c6       0x1c zephyr/libzephyr.a(log_output.c.obj)
 .text.log_output_msg_process
                0x00000000080072e2       0x6a zephyr/libzephyr.a(log_output.c.obj)
                0x00000000080072e2                log_output_msg_process
 .text.format_set
                0x000000000800734c        0xc zephyr/libzephyr.a(log_backend_uart.c.obj)
 .text.log_backend_uart_init
                0x0000000008007358        0xc zephyr/libzephyr.a(log_backend_uart.c.obj)
 .text.panic    0x0000000008007364       0x32 zephyr/libzephyr.a(log_backend_uart.c.obj)
 .text.dropped  0x0000000008007396        0xa zephyr/libzephyr.a(log_backend_uart.c.obj)
 .text.process  0x00000000080073a0       0x1e zephyr/libzephyr.a(log_backend_uart.c.obj)
 .text.gpio_pin_configure_dt
                0x00000000080073be       0x3e zephyr/libzephyr.a(mipi_dbi_spi.c.obj)
 .text.gpio_pin_set_dt
                0x00000000080073fc       0x28 zephyr/libzephyr.a(mipi_dbi_spi.c.obj)
 .text.mipi_dbi_spi_release
                0x0000000008007424        0xc zephyr/libzephyr.a(mipi_dbi_spi.c.obj)
 .text.mipi_dbi_spi_reset
                0x0000000008007430       0x34 zephyr/libzephyr.a(mipi_dbi_spi.c.obj)
 .text.mipi_dbi_spi_write_helper
                0x0000000008007464       0xaa zephyr/libzephyr.a(mipi_dbi_spi.c.obj)
 .text.mipi_dbi_spi_write_display
                0x000000000800750e       0x16 zephyr/libzephyr.a(mipi_dbi_spi.c.obj)
 .text.mipi_dbi_spi_command_write
                0x0000000008007524       0x14 zephyr/libzephyr.a(mipi_dbi_spi.c.obj)
 .text.z_do_kernel_oops
                0x0000000008007538        0x8 zephyr/arch/arch/arm/core/libarch__arm__core.a(fatal.c.obj)
                0x0000000008007538                z_do_kernel_oops
 .text.z_arm_nmi
                0x0000000008007540        0xe zephyr/arch/arch/arm/core/libarch__arm__core.a(nmi.c.obj)
                0x0000000008007540                z_arm_nmi
 .text.z_log_msg_simple_create_0.constprop.0
                0x000000000800754e        0x8 zephyr/arch/arch/arm/core/cortex_m/libarch__arm__core__cortex_m.a(fault.c.obj)
 .text.z_irq_spurious
                0x0000000008007556        0x8 zephyr/arch/arch/arm/core/cortex_m/libarch__arm__core__cortex_m.a(irq_manage.c.obj)
                0x0000000008007556                z_irq_spurious
 .text.z_prep_c
                0x000000000800755e       0x16 zephyr/arch/arch/arm/core/cortex_m/libarch__arm__core__cortex_m.a(prep_c.c.obj)
                0x000000000800755e                z_prep_c
 .text.arch_irq_unlock_outlined
                0x0000000008007574        0xe zephyr/arch/arch/arm/core/cortex_m/libarch__arm__core__cortex_m.a(thread.c.obj)
                0x0000000008007574                arch_irq_unlock_outlined
 .text.arch_cpu_idle
                0x0000000008007582       0x1a zephyr/arch/arch/arm/core/cortex_m/libarch__arm__core__cortex_m.a(cpu_idle.c.obj)
                0x0000000008007582                arch_cpu_idle
 .text._stdout_hook_default
                0x000000000800759c        0x6 zephyr/lib/libc/newlib/liblib__libc__newlib.a(libc-hooks.c.obj)
 .text.malloc_prepare
                0x00000000080075a2        0x4 zephyr/lib/libc/newlib/liblib__libc__newlib.a(libc-hooks.c.obj)
 .text.stm32_exti_init
                0x00000000080075a6       0x92 zephyr/drivers/interrupt_controller/libdrivers__interrupt_controller.a(intc_exti_stm32.c.obj)
 .text.stm32_gpio_intc_get_pin_irq_line
                0x0000000008007638        0x6 zephyr/drivers/interrupt_controller/libdrivers__interrupt_controller.a(intc_exti_stm32.c.obj)
                0x0000000008007638                stm32_gpio_intc_get_pin_irq_line
 .text.stm32_exti_set_line_src_port
                0x000000000800763e       0x36 zephyr/drivers/interrupt_controller/libdrivers__interrupt_controller.a(intc_exti_stm32.c.obj)
                0x000000000800763e                stm32_exti_set_line_src_port
 .text.stm32_clock_control_on
                0x0000000008007674       0x44 zephyr/drivers/clock_control/libdrivers__clock_control.a(clock_stm32_ll_common.c.obj)
 .text.stm32_clock_control_off
                0x00000000080076b8       0x2c zephyr/drivers/clock_control/libdrivers__clock_control.a(clock_stm32_ll_common.c.obj)
 .text.enabled_clock
                0x00000000080076e4       0x1c zephyr/drivers/clock_control/libdrivers__clock_control.a(clock_stm32_ll_common.c.obj)
                0x00000000080076e4                enabled_clock
 .text.stm32_clock_control_configure
                0x0000000008007700       0x52 zephyr/drivers/clock_control/libdrivers__clock_control.a(clock_stm32_ll_common.c.obj)
 .text.stm32_clock_control_get_status
                0x0000000008007752       0x38 zephyr/drivers/clock_control/libdrivers__clock_control.a(clock_stm32_ll_common.c.obj)
 .text.config_regulator_voltage
                0x000000000800778a        0x2 zephyr/drivers/clock_control/libdrivers__clock_control.a(clock_stm32_ll_common.c.obj)
                0x000000000800778a                config_regulator_voltage
 .text.get_pllout_frequency
                0x000000000800778c        0x4 zephyr/drivers/clock_control/libdrivers__clock_control.a(clock_stm32f1.c.obj)
                0x000000000800778c                get_pllout_frequency
 .text.config_enable_default_clocks
                0x0000000008007790        0x2 zephyr/drivers/clock_control/libdrivers__clock_control.a(clock_stm32f1.c.obj)
                0x0000000008007790                config_enable_default_clocks
 .text.st7789v_get_capabilities
                0x0000000008007792       0x24 zephyr/drivers/display/libdrivers__display.a(display_st7789v.c.obj)
 .text.st7789v_transmit.isra.0
                0x00000000080077b6       0x22 zephyr/drivers/display/libdrivers__display.a(display_st7789v.c.obj)
 .text.st7789v_write
                0x00000000080077d8       0xf4 zephyr/drivers/display/libdrivers__display.a(display_st7789v.c.obj)
 .text.st7789v_blanking_off
                0x00000000080078cc        0xc zephyr/drivers/display/libdrivers__display.a(display_st7789v.c.obj)
 .text.st7789v_blanking_on
                0x00000000080078d8        0xc zephyr/drivers/display/libdrivers__display.a(display_st7789v.c.obj)
 .text.k_sleep.isra.0
                0x00000000080078e4        0x4 zephyr/drivers/display/libdrivers__display.a(display_st7789v.c.obj)
 .text.st7789v_set_orientation
                0x00000000080078e8        0xa zephyr/drivers/display/libdrivers__display.a(display_st7789v.c.obj)
 .text.st7789v_set_pixel_format
                0x00000000080078f2        0xc zephyr/drivers/display/libdrivers__display.a(display_st7789v.c.obj)
 .text.dma_stm32_config_irq_0
                0x00000000080078fe       0x76 zephyr/drivers/dma/libdrivers__dma.a(dma_stm32.c.obj)
 .text.z_log_msg_simple_create_1.constprop.0
                0x0000000008007974        0xa zephyr/drivers/dma/libdrivers__dma.a(dma_stm32.c.obj)
 .text.dma_stm32_disable_stream
                0x000000000800797e       0x28 zephyr/drivers/dma/libdrivers__dma.a(dma_stm32.c.obj)
 .text.dma_stm32_clear_stream_irq.isra.0
                0x00000000080079a6       0x20 zephyr/drivers/dma/libdrivers__dma.a(dma_stm32.c.obj)
 .text.dma_stm32_start
                0x00000000080079c6       0x40 zephyr/drivers/dma/libdrivers__dma.a(dma_stm32.c.obj)
 .text.dma_stm32_irq_0_0
                0x0000000008007a06        0x6 zephyr/drivers/dma/libdrivers__dma.a(dma_stm32.c.obj)
 .text.dma_stm32_irq_0_1
                0x0000000008007a0c        0x6 zephyr/drivers/dma/libdrivers__dma.a(dma_stm32.c.obj)
 .text.dma_stm32_irq_0_2
                0x0000000008007a12        0x6 zephyr/drivers/dma/libdrivers__dma.a(dma_stm32.c.obj)
 .text.dma_stm32_irq_0_3
                0x0000000008007a18        0x6 zephyr/drivers/dma/libdrivers__dma.a(dma_stm32.c.obj)
 .text.dma_stm32_irq_0_4
                0x0000000008007a1e        0x6 zephyr/drivers/dma/libdrivers__dma.a(dma_stm32.c.obj)
 .text.dma_stm32_irq_0_5
                0x0000000008007a24        0x6 zephyr/drivers/dma/libdrivers__dma.a(dma_stm32.c.obj)
 .text.dma_stm32_irq_0_6
                0x0000000008007a2a        0x6 zephyr/drivers/dma/libdrivers__dma.a(dma_stm32.c.obj)
 .text.LL_DMA_IsActiveFlag_GI1
                0x0000000008007a30        0x8 zephyr/drivers/dma/libdrivers__dma.a(dma_stm32_v2.c.obj)
 .text.LL_DMA_IsActiveFlag_GI2
                0x0000000008007a38        0x8 zephyr/drivers/dma/libdrivers__dma.a(dma_stm32_v2.c.obj)
 .text.LL_DMA_IsActiveFlag_GI3
                0x0000000008007a40        0x8 zephyr/drivers/dma/libdrivers__dma.a(dma_stm32_v2.c.obj)
 .text.LL_DMA_IsActiveFlag_GI4
                0x0000000008007a48        0x8 zephyr/drivers/dma/libdrivers__dma.a(dma_stm32_v2.c.obj)
 .text.LL_DMA_IsActiveFlag_GI5
                0x0000000008007a50        0x8 zephyr/drivers/dma/libdrivers__dma.a(dma_stm32_v2.c.obj)
 .text.LL_DMA_IsActiveFlag_GI6
                0x0000000008007a58        0x8 zephyr/drivers/dma/libdrivers__dma.a(dma_stm32_v2.c.obj)
 .text.LL_DMA_IsActiveFlag_GI7
                0x0000000008007a60        0x8 zephyr/drivers/dma/libdrivers__dma.a(dma_stm32_v2.c.obj)
 .text.LL_DMA_IsActiveFlag_TC1
                0x0000000008007a68        0x8 zephyr/drivers/dma/libdrivers__dma.a(dma_stm32_v2.c.obj)
 .text.LL_DMA_IsActiveFlag_TC2
                0x0000000008007a70        0x8 zephyr/drivers/dma/libdrivers__dma.a(dma_stm32_v2.c.obj)
 .text.LL_DMA_IsActiveFlag_TC3
                0x0000000008007a78        0x8 zephyr/drivers/dma/libdrivers__dma.a(dma_stm32_v2.c.obj)
 .text.LL_DMA_IsActiveFlag_TC4
                0x0000000008007a80        0x8 zephyr/drivers/dma/libdrivers__dma.a(dma_stm32_v2.c.obj)
 .text.LL_DMA_IsActiveFlag_TC5
                0x0000000008007a88        0x8 zephyr/drivers/dma/libdrivers__dma.a(dma_stm32_v2.c.obj)
 .text.LL_DMA_IsActiveFlag_TC6
                0x0000000008007a90        0x8 zephyr/drivers/dma/libdrivers__dma.a(dma_stm32_v2.c.obj)
 .text.LL_DMA_IsActiveFlag_TC7
                0x0000000008007a98        0x8 zephyr/drivers/dma/libdrivers__dma.a(dma_stm32_v2.c.obj)
 .text.LL_DMA_IsActiveFlag_HT1
                0x0000000008007aa0        0x8 zephyr/drivers/dma/libdrivers__dma.a(dma_stm32_v2.c.obj)
 .text.LL_DMA_IsActiveFlag_HT2
                0x0000000008007aa8        0x8 zephyr/drivers/dma/libdrivers__dma.a(dma_stm32_v2.c.obj)
 .text.LL_DMA_IsActiveFlag_HT3
                0x0000000008007ab0        0x8 zephyr/drivers/dma/libdrivers__dma.a(dma_stm32_v2.c.obj)
 .text.LL_DMA_IsActiveFlag_HT4
                0x0000000008007ab8        0x8 zephyr/drivers/dma/libdrivers__dma.a(dma_stm32_v2.c.obj)
 .text.LL_DMA_IsActiveFlag_HT5
                0x0000000008007ac0        0x8 zephyr/drivers/dma/libdrivers__dma.a(dma_stm32_v2.c.obj)
 .text.LL_DMA_IsActiveFlag_HT6
                0x0000000008007ac8        0x8 zephyr/drivers/dma/libdrivers__dma.a(dma_stm32_v2.c.obj)
 .text.LL_DMA_IsActiveFlag_HT7
                0x0000000008007ad0        0x8 zephyr/drivers/dma/libdrivers__dma.a(dma_stm32_v2.c.obj)
 .text.LL_DMA_IsActiveFlag_TE1
                0x0000000008007ad8        0x8 zephyr/drivers/dma/libdrivers__dma.a(dma_stm32_v2.c.obj)
 .text.LL_DMA_IsActiveFlag_TE2
                0x0000000008007ae0        0x8 zephyr/drivers/dma/libdrivers__dma.a(dma_stm32_v2.c.obj)
 .text.LL_DMA_IsActiveFlag_TE3
                0x0000000008007ae8        0x8 zephyr/drivers/dma/libdrivers__dma.a(dma_stm32_v2.c.obj)
 .text.LL_DMA_IsActiveFlag_TE4
                0x0000000008007af0        0x8 zephyr/drivers/dma/libdrivers__dma.a(dma_stm32_v2.c.obj)
 .text.LL_DMA_IsActiveFlag_TE5
                0x0000000008007af8        0x8 zephyr/drivers/dma/libdrivers__dma.a(dma_stm32_v2.c.obj)
 .text.LL_DMA_IsActiveFlag_TE6
                0x0000000008007b00        0x8 zephyr/drivers/dma/libdrivers__dma.a(dma_stm32_v2.c.obj)
 .text.LL_DMA_IsActiveFlag_TE7
                0x0000000008007b08        0x8 zephyr/drivers/dma/libdrivers__dma.a(dma_stm32_v2.c.obj)
 .text.LL_DMA_ClearFlag_TC1
                0x0000000008007b10        0x6 zephyr/drivers/dma/libdrivers__dma.a(dma_stm32_v2.c.obj)
 .text.LL_DMA_ClearFlag_TC2
                0x0000000008007b16        0x6 zephyr/drivers/dma/libdrivers__dma.a(dma_stm32_v2.c.obj)
 .text.LL_DMA_ClearFlag_TC3
                0x0000000008007b1c        0x8 zephyr/drivers/dma/libdrivers__dma.a(dma_stm32_v2.c.obj)
 .text.LL_DMA_ClearFlag_TC4
                0x0000000008007b24        0x8 zephyr/drivers/dma/libdrivers__dma.a(dma_stm32_v2.c.obj)
 .text.LL_DMA_ClearFlag_TC5
                0x0000000008007b2c        0x8 zephyr/drivers/dma/libdrivers__dma.a(dma_stm32_v2.c.obj)
 .text.LL_DMA_ClearFlag_TC6
                0x0000000008007b34        0x8 zephyr/drivers/dma/libdrivers__dma.a(dma_stm32_v2.c.obj)
 .text.LL_DMA_ClearFlag_TC7
                0x0000000008007b3c        0x8 zephyr/drivers/dma/libdrivers__dma.a(dma_stm32_v2.c.obj)
 .text.LL_DMA_ClearFlag_HT1
                0x0000000008007b44        0x6 zephyr/drivers/dma/libdrivers__dma.a(dma_stm32_v2.c.obj)
 .text.LL_DMA_ClearFlag_HT2
                0x0000000008007b4a        0x6 zephyr/drivers/dma/libdrivers__dma.a(dma_stm32_v2.c.obj)
 .text.LL_DMA_ClearFlag_HT3
                0x0000000008007b50        0x8 zephyr/drivers/dma/libdrivers__dma.a(dma_stm32_v2.c.obj)
 .text.LL_DMA_ClearFlag_HT4
                0x0000000008007b58        0x8 zephyr/drivers/dma/libdrivers__dma.a(dma_stm32_v2.c.obj)
 .text.LL_DMA_ClearFlag_HT5
                0x0000000008007b60        0x8 zephyr/drivers/dma/libdrivers__dma.a(dma_stm32_v2.c.obj)
 .text.LL_DMA_ClearFlag_HT6
                0x0000000008007b68        0x8 zephyr/drivers/dma/libdrivers__dma.a(dma_stm32_v2.c.obj)
 .text.LL_DMA_ClearFlag_HT7
                0x0000000008007b70        0x8 zephyr/drivers/dma/libdrivers__dma.a(dma_stm32_v2.c.obj)
 .text.LL_DMA_ClearFlag_TE1
                0x0000000008007b78        0x6 zephyr/drivers/dma/libdrivers__dma.a(dma_stm32_v2.c.obj)
 .text.LL_DMA_ClearFlag_TE2
                0x0000000008007b7e        0x6 zephyr/drivers/dma/libdrivers__dma.a(dma_stm32_v2.c.obj)
 .text.LL_DMA_ClearFlag_TE3
                0x0000000008007b84        0x8 zephyr/drivers/dma/libdrivers__dma.a(dma_stm32_v2.c.obj)
 .text.LL_DMA_ClearFlag_TE4
                0x0000000008007b8c        0x8 zephyr/drivers/dma/libdrivers__dma.a(dma_stm32_v2.c.obj)
 .text.LL_DMA_ClearFlag_TE5
                0x0000000008007b94        0x8 zephyr/drivers/dma/libdrivers__dma.a(dma_stm32_v2.c.obj)
 .text.LL_DMA_ClearFlag_TE6
                0x0000000008007b9c        0x8 zephyr/drivers/dma/libdrivers__dma.a(dma_stm32_v2.c.obj)
 .text.LL_DMA_ClearFlag_TE7
                0x0000000008007ba4        0x8 zephyr/drivers/dma/libdrivers__dma.a(dma_stm32_v2.c.obj)
 .text.stm32_dma_clear_stream_irq
                0x0000000008007bac        0x4 zephyr/drivers/dma/libdrivers__dma.a(dma_stm32_v2.c.obj)
                0x0000000008007bac                stm32_dma_clear_stream_irq
 .text.stm32_dma_is_unexpected_irq_happened
                0x0000000008007bb0        0x4 zephyr/drivers/dma/libdrivers__dma.a(dma_stm32_v2.c.obj)
                0x0000000008007bb0                stm32_dma_is_unexpected_irq_happened
 .text.gpio_stm32_port_get_raw
                0x0000000008007bb4        0xc zephyr/drivers/gpio/libdrivers__gpio.a(gpio_stm32.c.obj)
 .text.gpio_stm32_port_set_masked_raw
                0x0000000008007bc0       0x12 zephyr/drivers/gpio/libdrivers__gpio.a(gpio_stm32.c.obj)
 .text.gpio_stm32_port_set_bits_raw
                0x0000000008007bd2        0xa zephyr/drivers/gpio/libdrivers__gpio.a(gpio_stm32.c.obj)
 .text.gpio_stm32_port_clear_bits_raw
                0x0000000008007bdc        0xa zephyr/drivers/gpio/libdrivers__gpio.a(gpio_stm32.c.obj)
 .text.gpio_stm32_port_toggle_bits
                0x0000000008007be6        0xe zephyr/drivers/gpio/libdrivers__gpio.a(gpio_stm32.c.obj)
 .text.gpio_stm32_manage_callback
                0x0000000008007bf4       0x52 zephyr/drivers/gpio/libdrivers__gpio.a(gpio_stm32.c.obj)
 .text.LL_GPIO_SetPinMode
                0x0000000008007c46       0x2c zephyr/drivers/gpio/libdrivers__gpio.a(gpio_stm32.c.obj)
 .text.LL_GPIO_SetPinSpeed
                0x0000000008007c72       0x2c zephyr/drivers/gpio/libdrivers__gpio.a(gpio_stm32.c.obj)
 .text.LL_GPIO_SetPinOutputType
                0x0000000008007c9e       0x2c zephyr/drivers/gpio/libdrivers__gpio.a(gpio_stm32.c.obj)
 .text.gpio_stm32_isr
                0x0000000008007cca       0x2c zephyr/drivers/gpio/libdrivers__gpio.a(gpio_stm32.c.obj)
 .text.gpio_stm32_configure_raw.constprop.0.isra.0
                0x0000000008007cf6       0xaa zephyr/drivers/gpio/libdrivers__gpio.a(gpio_stm32.c.obj)
 .text.gpio_stm32_config
                0x0000000008007da0       0xf2 zephyr/drivers/gpio/libdrivers__gpio.a(gpio_stm32.c.obj)
 .text.gpio_stm32_configure
                0x0000000008007e92       0x2a zephyr/drivers/gpio/libdrivers__gpio.a(gpio_stm32.c.obj)
                0x0000000008007e92                gpio_stm32_configure
 .text.gpio_pin_get
                0x0000000008007ebc       0x28 zephyr/drivers/input/libdrivers__input.a(input_gpio_keys.c.obj)
 .text.gpio_keys_interrupt
                0x0000000008007ee4       0x16 zephyr/drivers/input/libdrivers__input.a(input_gpio_keys.c.obj)
 .text.led_gpio_set_brightness
                0x0000000008007efa       0x3e zephyr/drivers/led/libdrivers__led.a(led_gpio.c.obj)
 .text.pinctrl_lookup_state
                0x0000000008007f38       0x26 zephyr/drivers/pinctrl/libdrivers__pinctrl.a(common.c.obj)
                0x0000000008007f38                pinctrl_lookup_state
 .text.reset_stm32_status
                0x0000000008007f5e       0x20 zephyr/drivers/reset/libdrivers__reset.a(reset_stm32.c.obj)
 .text.reset_stm32_line_assert
                0x0000000008007f7e       0x1c zephyr/drivers/reset/libdrivers__reset.a(reset_stm32.c.obj)
 .text.reset_stm32_line_deassert
                0x0000000008007f9a       0x1e zephyr/drivers/reset/libdrivers__reset.a(reset_stm32.c.obj)
 .text.reset_stm32_line_toggle
                0x0000000008007fb8       0x16 zephyr/drivers/reset/libdrivers__reset.a(reset_stm32.c.obj)
 .text.LL_USART_ClearFlag_PE
                0x0000000008007fce       0x12 zephyr/drivers/serial/libdrivers__serial.a(uart_stm32.c.obj)
 .text.uart_stm32_err_check
                0x0000000008007fe0       0x5e zephyr/drivers/serial/libdrivers__serial.a(uart_stm32.c.obj)
 .text.uart_stm32_poll_out
                0x000000000800803e       0x36 zephyr/drivers/serial/libdrivers__serial.a(uart_stm32.c.obj)
 .text.uart_stm32_poll_in
                0x0000000008008074       0x22 zephyr/drivers/serial/libdrivers__serial.a(uart_stm32.c.obj)
 .text.uart_stm32_config_get
                0x0000000008008096       0x8e zephyr/drivers/serial/libdrivers__serial.a(uart_stm32.c.obj)
 .text.uart_stm32_set_baudrate
                0x0000000008008124       0x4c zephyr/drivers/serial/libdrivers__serial.a(uart_stm32.c.obj)
 .text.spi_context_get_next_buf
                0x0000000008008170       0x2c zephyr/drivers/spi/libdrivers__spi.a(spi_ll_stm32.c.obj)
 .text.spi_context_buffers_setup
                0x000000000800819c       0x5e zephyr/drivers/spi/libdrivers__spi.a(spi_ll_stm32.c.obj)
 .text.spi_stm32_send_next_frame
                0x00000000080081fa       0x90 zephyr/drivers/spi/libdrivers__spi.a(spi_ll_stm32.c.obj)
 .text.spi_stm32_read_next_frame
                0x000000000800828a       0x84 zephyr/drivers/spi/libdrivers__spi.a(spi_ll_stm32.c.obj)
 .text.spi_context_lock.constprop.0
                0x000000000800830e       0x2e zephyr/drivers/spi/libdrivers__spi.a(spi_ll_stm32.c.obj)
 .text.gpio_pin_set_dt.isra.0
                0x000000000800833c       0x28 zephyr/drivers/spi/libdrivers__spi.a(spi_ll_stm32.c.obj)
 .text._spi_context_cs_control
                0x0000000008008364       0x40 zephyr/drivers/spi/libdrivers__spi.a(spi_ll_stm32.c.obj)
 .text.spi_context_unlock_unconditionally
                0x00000000080083a4       0x20 zephyr/drivers/spi/libdrivers__spi.a(spi_ll_stm32.c.obj)
 .text.spi_stm32_release
                0x00000000080083c4       0x1e zephyr/drivers/spi/libdrivers__spi.a(spi_ll_stm32.c.obj)
 .text.spi_stm32_complete.constprop.0
                0x00000000080083e2       0x52 zephyr/drivers/spi/libdrivers__spi.a(spi_ll_stm32.c.obj)
 .text.LL_DMA_StructInit
                0x0000000008008434       0x18 modules/hal_stm32/stm32cube/lib..__modules__hal__stm32__stm32cube.a(stm32f1xx_ll_dma.c.obj)
                0x0000000008008434                LL_DMA_StructInit
 .text.z_impl_k_busy_wait
                0x000000000800844c       0x1c zephyr/kernel/libkernel.a(busy_wait.c.obj)
                0x000000000800844c                z_impl_k_busy_wait
 .text.z_device_state_init
                0x0000000008008468        0x2 zephyr/kernel/libkernel.a(device.c.obj)
                0x0000000008008468                z_device_state_init
 .text.z_impl_device_is_ready
                0x000000000800846a       0x16 zephyr/kernel/libkernel.a(device.c.obj)
                0x000000000800846a                z_impl_device_is_ready
 .text.arch_system_halt
                0x0000000008008480       0x10 zephyr/kernel/libkernel.a(fatal.c.obj)
                0x0000000008008480                arch_system_halt
 .text.do_device_init
                0x0000000008008490       0x2e zephyr/kernel/libkernel.a(init.c.obj)
 .text.z_early_memset
                0x00000000080084be        0x4 zephyr/kernel/libkernel.a(init.c.obj)
                0x00000000080084be                z_early_memset
 .text.z_early_memcpy
                0x00000000080084c2        0x4 zephyr/kernel/libkernel.a(init.c.obj)
                0x00000000080084c2                z_early_memcpy
 .text.idle     0x00000000080084c6       0x16 zephyr/kernel/libkernel.a(idle.c.obj)
                0x00000000080084c6                idle
 .text.unpend_thread_no_timeout
                0x00000000080084dc       0x1a zephyr/kernel/libkernel.a(msg_q.c.obj)
 .text.adjust_owner_prio.isra.0
                0x00000000080084f6       0x10 zephyr/kernel/libkernel.a(mutex.c.obj)
 .text.z_impl_k_mutex_init
                0x0000000008008506        0xe zephyr/kernel/libkernel.a(mutex.c.obj)
                0x0000000008008506                z_impl_k_mutex_init
 .text.z_impl_k_sem_init
                0x0000000008008514       0x18 zephyr/kernel/libkernel.a(sem.c.obj)
                0x0000000008008514                z_impl_k_sem_init
 .text.flag_test_and_clear
                0x000000000800852c       0x16 zephyr/kernel/libkernel.a(work.c.obj)
 .text.unschedule_locked
                0x0000000008008542       0x1e zephyr/kernel/libkernel.a(work.c.obj)
 .text.notify_queue_locked.isra.0
                0x0000000008008560        0xe zephyr/kernel/libkernel.a(work.c.obj)
 .text.work_timeout
                0x000000000800856e       0x3c zephyr/kernel/libkernel.a(work.c.obj)
 .text.k_work_init_delayable
                0x00000000080085aa       0x18 zephyr/kernel/libkernel.a(work.c.obj)
                0x00000000080085aa                k_work_init_delayable
 .text.k_is_in_isr
                0x00000000080085c2        0xc zephyr/kernel/libkernel.a(thread.c.obj)
                0x00000000080085c2                k_is_in_isr
 .text.z_impl_k_thread_name_set
                0x00000000080085ce        0x6 zephyr/kernel/libkernel.a(thread.c.obj)
                0x00000000080085ce                z_impl_k_thread_name_set
 .text.k_thread_name_get
                0x00000000080085d4        0x4 zephyr/kernel/libkernel.a(thread.c.obj)
                0x00000000080085d4                k_thread_name_get
 .text.sys_dlist_remove
                0x00000000080085d8       0x10 zephyr/kernel/libkernel.a(sched.c.obj)
 .text.unpend_thread_no_timeout
                0x00000000080085e8       0x14 zephyr/kernel/libkernel.a(sched.c.obj)
 .text.add_to_waitq_locked
                0x00000000080085fc       0x50 zephyr/kernel/libkernel.a(sched.c.obj)
 .text.z_ready_thread
                0x000000000800864c       0x1e zephyr/kernel/libkernel.a(sched.c.obj)
                0x000000000800864c                z_ready_thread
 .text.z_unpend_thread_no_timeout
                0x000000000800866a       0x22 zephyr/kernel/libkernel.a(sched.c.obj)
                0x000000000800866a                z_unpend_thread_no_timeout
 .text.z_sched_wake_thread
                0x000000000800868c       0x3a zephyr/kernel/libkernel.a(sched.c.obj)
                0x000000000800868c                z_sched_wake_thread
 .text.z_thread_timeout
                0x00000000080086c6        0x8 zephyr/kernel/libkernel.a(sched.c.obj)
                0x00000000080086c6                z_thread_timeout
 .text.z_unpend1_no_timeout
                0x00000000080086ce       0x2c zephyr/kernel/libkernel.a(sched.c.obj)
                0x00000000080086ce                z_unpend1_no_timeout
 .text.z_unpend_thread
                0x00000000080086fa       0x10 zephyr/kernel/libkernel.a(sched.c.obj)
                0x00000000080086fa                z_unpend_thread
 .text.z_unpend_all
                0x000000000800870a       0x26 zephyr/kernel/libkernel.a(sched.c.obj)
                0x000000000800870a                z_unpend_all
 .text.z_impl_k_sleep
                0x0000000008008730       0x50 zephyr/kernel/libkernel.a(sched.c.obj)
                0x0000000008008730                z_impl_k_sleep
 .text.z_sched_wake
                0x0000000008008780       0x44 zephyr/kernel/libkernel.a(sched.c.obj)
                0x0000000008008780                z_sched_wake
 .text.next_timeout
                0x00000000080087c4       0x2e zephyr/kernel/libkernel.a(timeout.c.obj)
 .text.z_abort_timeout
                0x00000000080087f2       0x50 zephyr/kernel/libkernel.a(timeout.c.obj)
                0x00000000080087f2                z_abort_timeout
 .text.sys_clock_tick_get_32
                0x0000000008008842        0x8 zephyr/kernel/libkernel.a(timeout.c.obj)
                0x0000000008008842                sys_clock_tick_get_32
 .text.z_impl_k_uptime_ticks
                0x000000000800884a        0x4 zephyr/kernel/libkernel.a(timeout.c.obj)
                0x000000000800884a                z_impl_k_uptime_ticks
 .text.k_timer_init
                0x000000000800884e       0x18 zephyr/kernel/libkernel.a(timer.c.obj)
                0x000000000800884e                k_timer_init
 .text.z_impl_k_timer_stop
                0x0000000008008866       0x38 zephyr/kernel/libkernel.a(timer.c.obj)
                0x0000000008008866                z_impl_k_timer_stop
 .text.z_alloc_helper
                0x000000000800889e       0x30 zephyr/kernel/libkernel.a(mempool.c.obj)
 .text.k_free   0x00000000080088ce        0xe zephyr/kernel/libkernel.a(mempool.c.obj)
                0x00000000080088ce                k_free
 .text.k_heap_init
                0x00000000080088dc       0x14 zephyr/kernel/libkernel.a(kheap.c.obj)
                0x00000000080088dc                k_heap_init
 .text.k_heap_free
                0x00000000080088f0       0x38 zephyr/kernel/libkernel.a(kheap.c.obj)
                0x00000000080088f0                k_heap_free
 *(SORT_BY_ALIGNMENT(.TEXT.*))
 *(SORT_BY_ALIGNMENT(.gnu.linkonce.t.*))
 *(SORT_BY_ALIGNMENT(.glue_7t))
 .glue_7t       0x0000000008008928        0x0 linker stubs
 *(SORT_BY_ALIGNMENT(.glue_7))
 .glue_7        0x0000000008008928        0x0 linker stubs
 *(SORT_BY_ALIGNMENT(.vfp11_veneer))
 .vfp11_veneer  0x0000000008008928        0x0 linker stubs
 *(SORT_BY_ALIGNMENT(.v4_bx))
 .v4_bx         0x0000000008008928        0x0 linker stubs
                0x0000000008008928                . = ALIGN (0x4)
                0x0000000008008928                __text_region_end = .

.ARM.extab
 *(SORT_BY_ALIGNMENT(.ARM.extab*) SORT_BY_ALIGNMENT(.gnu.linkonce.armextab.*))

.ARM.exidx      0x0000000008008928        0x8
                0x0000000008008928                __exidx_start = .
 *(SORT_BY_ALIGNMENT(.ARM.exidx*) SORT_BY_ALIGNMENT(gnu.linkonce.armexidx.*))
 .ARM.exidx     0x0000000008008928        0x8 /home/hxzp/duck-workspace/zephyr-sdk/toolchain/arm-zephyr-eabi/bin/../lib/gcc/arm-zephyr-eabi/12.2.0/thumb/v7-m/nofp/libgcc.a(_udivmoddi4.o)
                0x0000000008008930                __exidx_end = .
                0x0000000008008930                __rodata_region_start = .

initlevel       0x0000000008008930       0xc0
                0x0000000008008930                __init_start = .
                0x0000000008008930                __init_EARLY_start = .
 *(SORT_BY_NAME(SORT_BY_ALIGNMENT(.z_init_EARLY_P_?_*)))
 *(SORT_BY_NAME(SORT_BY_ALIGNMENT(.z_init_EARLY_P_??_*)))
 *(SORT_BY_NAME(SORT_BY_ALIGNMENT(.z_init_EARLY_P_???_*)))
                0x0000000008008930                __init_PRE_KERNEL_1_start = .
 *(SORT_BY_NAME(SORT_BY_ALIGNMENT(.z_init_PRE_KERNEL_1_P_?_*)))
 .z_init_PRE_KERNEL_1_P_1_SUB_00008_
                0x0000000008008930        0x8 zephyr/drivers/clock_control/libdrivers__clock_control.a(clock_stm32_ll_common.c.obj)
 .z_init_PRE_KERNEL_1_P_1_SUB_0_
                0x0000000008008938        0x8 zephyr/libzephyr.a(soc_config.c.obj)
 *(SORT_BY_NAME(SORT_BY_ALIGNMENT(.z_init_PRE_KERNEL_1_P_??_*)))
 .z_init_PRE_KERNEL_1_P_30_SUB_0_
                0x0000000008008940        0x8 zephyr/kernel/libkernel.a(kheap.c.obj)
 .z_init_PRE_KERNEL_1_P_35_SUB_00052_
                0x0000000008008948        0x8 zephyr/drivers/reset/libdrivers__reset.a(reset_stm32.c.obj)
 .z_init_PRE_KERNEL_1_P_40_SUB_00025_
                0x0000000008008950        0x8 zephyr/drivers/gpio/libdrivers__gpio.a(gpio_stm32.c.obj)
 .z_init_PRE_KERNEL_1_P_40_SUB_00026_
                0x0000000008008958        0x8 zephyr/drivers/gpio/libdrivers__gpio.a(gpio_stm32.c.obj)
 .z_init_PRE_KERNEL_1_P_40_SUB_00032_
                0x0000000008008960        0x8 zephyr/drivers/gpio/libdrivers__gpio.a(gpio_stm32.c.obj)
 .z_init_PRE_KERNEL_1_P_40_SUB_00037_
                0x0000000008008968        0x8 zephyr/drivers/dma/libdrivers__dma.a(dma_stm32.c.obj)
 .z_init_PRE_KERNEL_1_P_40_SUB_00050_
                0x0000000008008970        0x8 zephyr/drivers/interrupt_controller/libdrivers__interrupt_controller.a(intc_exti_stm32.c.obj)
 .z_init_PRE_KERNEL_1_P_40_SUB_00071_
                0x0000000008008978        0x8 zephyr/drivers/gpio/libdrivers__gpio.a(gpio_stm32.c.obj)
 .z_init_PRE_KERNEL_1_P_40_SUB_00072_
                0x0000000008008980        0x8 zephyr/drivers/gpio/libdrivers__gpio.a(gpio_stm32.c.obj)
 .z_init_PRE_KERNEL_1_P_40_SUB_00073_
                0x0000000008008988        0x8 zephyr/drivers/gpio/libdrivers__gpio.a(gpio_stm32.c.obj)
 .z_init_PRE_KERNEL_1_P_40_SUB_00074_
                0x0000000008008990        0x8 zephyr/drivers/gpio/libdrivers__gpio.a(gpio_stm32.c.obj)
 .z_init_PRE_KERNEL_1_P_50_SUB_00056_
                0x0000000008008998        0x8 zephyr/drivers/serial/libdrivers__serial.a(uart_stm32.c.obj)
 .z_init_PRE_KERNEL_1_P_60_SUB_0_
                0x00000000080089a0        0x8 zephyr/drivers/console/libdrivers__console.a(uart_console.c.obj)
 *(SORT_BY_NAME(SORT_BY_ALIGNMENT(.z_init_PRE_KERNEL_1_P_???_*)))
                0x00000000080089a8                __init_PRE_KERNEL_2_start = .
 *(SORT_BY_NAME(SORT_BY_ALIGNMENT(.z_init_PRE_KERNEL_2_P_?_*)))
 .z_init_PRE_KERNEL_2_P_0_SUB_0_
                0x00000000080089a8        0x8 zephyr/drivers/timer/libdrivers__timer.a(cortex_m_systick.c.obj)
 *(SORT_BY_NAME(SORT_BY_ALIGNMENT(.z_init_PRE_KERNEL_2_P_??_*)))
 *(SORT_BY_NAME(SORT_BY_ALIGNMENT(.z_init_PRE_KERNEL_2_P_???_*)))
                0x00000000080089b0                __init_POST_KERNEL_start = .
 *(SORT_BY_NAME(SORT_BY_ALIGNMENT(.z_init_POST_KERNEL_P_?_*)))
 .z_init_POST_KERNEL_P_0_SUB_0_
                0x00000000080089b0        0x8 zephyr/libzephyr.a(log_core.c.obj)
 *(SORT_BY_NAME(SORT_BY_ALIGNMENT(.z_init_POST_KERNEL_P_??_*)))
 .z_init_POST_KERNEL_P_35_SUB_0_
                0x00000000080089b8        0x8 zephyr/lib/libc/newlib/liblib__libc__newlib.a(libc-hooks.c.obj)
 .z_init_POST_KERNEL_P_40_SUB_0_
                0x00000000080089c0        0x8 zephyr/kernel/libkernel.a(system_work_q.c.obj)
 .z_init_POST_KERNEL_P_50_SUB_00040_
                0x00000000080089c8        0x8 zephyr/drivers/spi/libdrivers__spi.a(spi_ll_stm32.c.obj)
 .z_init_POST_KERNEL_P_80_SUB_00041_
                0x00000000080089d0        0x8 zephyr/libzephyr.a(mipi_dbi_spi.c.obj)
 .z_init_POST_KERNEL_P_85_SUB_00042_
                0x00000000080089d8        0x8 zephyr/drivers/display/libdrivers__display.a(display_st7789v.c.obj)
 .z_init_POST_KERNEL_P_90_SUB_00027_
                0x00000000080089e0        0x8 zephyr/drivers/led/libdrivers__led.a(led_gpio.c.obj)
 .z_init_POST_KERNEL_P_90_SUB_00033_
                0x00000000080089e8        0x8 zephyr/drivers/input/libdrivers__input.a(input_gpio_keys.c.obj)
 *(SORT_BY_NAME(SORT_BY_ALIGNMENT(.z_init_POST_KERNEL_P_???_*)))
                0x00000000080089f0                __init_APPLICATION_start = .
 *(SORT_BY_NAME(SORT_BY_ALIGNMENT(.z_init_APPLICATION_P_?_*)))
 *(SORT_BY_NAME(SORT_BY_ALIGNMENT(.z_init_APPLICATION_P_??_*)))
 *(SORT_BY_NAME(SORT_BY_ALIGNMENT(.z_init_APPLICATION_P_???_*)))
                0x00000000080089f0                __init_SMP_start = .
 *(SORT_BY_NAME(SORT_BY_ALIGNMENT(.z_init_SMP_P_?_*)))
 *(SORT_BY_NAME(SORT_BY_ALIGNMENT(.z_init_SMP_P_??_*)))
 *(SORT_BY_NAME(SORT_BY_ALIGNMENT(.z_init_SMP_P_???_*)))
                0x00000000080089f0                __init_end = .

device_area     0x00000000080089f0      0x220
                0x00000000080089f0                _device_list_start = .
 *(SORT_BY_NAME(SORT_BY_ALIGNMENT(._device.static.*_?_*)))
 ._device.static.1_1_
                0x00000000080089f0       0x20 zephyr/drivers/clock_control/libdrivers__clock_control.a(clock_stm32_ll_common.c.obj)
                0x00000000080089f0                __device_dts_ord_8
 *(SORT_BY_NAME(SORT_BY_ALIGNMENT(._device.static.*_??_*)))
 ._device.static.1_35_
                0x0000000008008a10       0x20 zephyr/drivers/reset/libdrivers__reset.a(reset_stm32.c.obj)
                0x0000000008008a10                __device_dts_ord_52
 ._device.static.1_40_
                0x0000000008008a30       0x20 zephyr/drivers/interrupt_controller/libdrivers__interrupt_controller.a(intc_exti_stm32.c.obj)
                0x0000000008008a30                __device_dts_ord_50
 ._device.static.1_40_
                0x0000000008008a50       0x20 zephyr/drivers/dma/libdrivers__dma.a(dma_stm32.c.obj)
                0x0000000008008a50                __device_dts_ord_37
 ._device.static.1_40_
                0x0000000008008a70       0xe0 zephyr/drivers/gpio/libdrivers__gpio.a(gpio_stm32.c.obj)
                0x0000000008008a70                __device_dts_ord_74
                0x0000000008008a90                __device_dts_ord_73
                0x0000000008008ab0                __device_dts_ord_72
                0x0000000008008ad0                __device_dts_ord_26
                0x0000000008008af0                __device_dts_ord_25
                0x0000000008008b10                __device_dts_ord_71
                0x0000000008008b30                __device_dts_ord_32
 ._device.static.1_50_
                0x0000000008008b50       0x20 zephyr/drivers/serial/libdrivers__serial.a(uart_stm32.c.obj)
                0x0000000008008b50                __device_dts_ord_56
 ._device.static.3_50_
                0x0000000008008b70       0x20 zephyr/drivers/spi/libdrivers__spi.a(spi_ll_stm32.c.obj)
                0x0000000008008b70                __device_dts_ord_40
 ._device.static.3_80_
                0x0000000008008b90       0x20 zephyr/libzephyr.a(mipi_dbi_spi.c.obj)
                0x0000000008008b90                __device_dts_ord_41
 ._device.static.3_85_
                0x0000000008008bb0       0x20 zephyr/drivers/display/libdrivers__display.a(display_st7789v.c.obj)
                0x0000000008008bb0                __device_dts_ord_42
 ._device.static.3_90_
                0x0000000008008bd0       0x20 zephyr/drivers/input/libdrivers__input.a(input_gpio_keys.c.obj)
                0x0000000008008bd0                __device_dts_ord_33
 ._device.static.3_90_
                0x0000000008008bf0       0x20 zephyr/drivers/led/libdrivers__led.a(led_gpio.c.obj)
                0x0000000008008bf0                __device_dts_ord_27
 *(SORT_BY_NAME(SORT_BY_ALIGNMENT(._device.static.*_???_*)))
 *(SORT_BY_NAME(SORT_BY_ALIGNMENT(._device.static.*_????_*)))
 *(SORT_BY_NAME(SORT_BY_ALIGNMENT(._device.static.*_?????_*)))
                0x0000000008008c10                _device_list_end = .

sw_isr_table    0x0000000008008c10      0x1e0
                0x0000000008008c10                . = ALIGN (0x4)
 *(SORT_BY_ALIGNMENT(.gnu.linkonce.sw_isr_table*))
 .gnu.linkonce.sw_isr_table
                0x0000000008008c10      0x1e0 zephyr/CMakeFiles/zephyr_final.dir/isr_tables.c.obj
                0x0000000008008c10                _sw_isr_table

initlevel_error
                0x0000000008008930        0x0
 *(SORT_BY_NAME(SORT_BY_ALIGNMENT(.z_init_*)))
                0x0000000000000001                ASSERT ((SIZEOF (initlevel_error) == 0x0), Undefined initialization levels used.)

app_shmem_regions
                0x0000000008008df0        0x0
                0x0000000008008df0                __app_shmem_regions_start = .
 *(SORT_BY_NAME(SORT_BY_ALIGNMENT(.app_regions.*)))
                0x0000000008008df0                __app_shmem_regions_end = .

k_p4wq_initparam_area
                0x0000000008008df0        0x0
                0x0000000008008df0                _k_p4wq_initparam_list_start = .
 *(SORT_BY_NAME(SORT_BY_ALIGNMENT(._k_p4wq_initparam.static.*)))
                0x0000000008008df0                _k_p4wq_initparam_list_end = .

_static_thread_data_area
                0x0000000008008df0       0x30
                0x0000000008008df0                __static_thread_data_list_start = .
 *(SORT_BY_NAME(SORT_BY_ALIGNMENT(.__static_thread_data.static.*)))
 .__static_thread_data.static._k_thread_data_input_
                0x0000000008008df0       0x30 zephyr/subsys/input/libsubsys__input.a(input.c.obj)
                0x0000000008008df0                _k_thread_data_input
                0x0000000008008e20                __static_thread_data_list_end = .

device_deps     0x0000000008008e20        0x0
                0x0000000008008e20                __device_deps_start = .
 *(SORT_BY_NAME(SORT_BY_ALIGNMENT(.__device_deps_pass2*)))
                0x0000000008008e20                __device_deps_end = .

can_driver_api_area
                0x0000000008008e20        0x0
                0x0000000008008e20                _can_driver_api_list_start = .
 *(SORT_BY_NAME(SORT_BY_ALIGNMENT(._can_driver_api.static.*)))
                0x0000000008008e20                _can_driver_api_list_end = .

counter_driver_api_area
                0x0000000008008e20        0x0
                0x0000000008008e20                _counter_driver_api_list_start = .
 *(SORT_BY_NAME(SORT_BY_ALIGNMENT(._counter_driver_api.static.*)))
                0x0000000008008e20                _counter_driver_api_list_end = .

dma_driver_api_area
                0x0000000008008e20       0x28
                0x0000000008008e20                _dma_driver_api_list_start = .
 *(SORT_BY_NAME(SORT_BY_ALIGNMENT(._dma_driver_api.static.*)))
 ._dma_driver_api.static.dma_funcs_
                0x0000000008008e20       0x28 zephyr/drivers/dma/libdrivers__dma.a(dma_stm32.c.obj)
                0x0000000008008e48                _dma_driver_api_list_end = .

gpio_driver_api_area
                0x0000000008008e48       0x24
                0x0000000008008e48                _gpio_driver_api_list_start = .
 *(SORT_BY_NAME(SORT_BY_ALIGNMENT(._gpio_driver_api.static.*)))
 ._gpio_driver_api.static.gpio_stm32_driver_
                0x0000000008008e48       0x24 zephyr/drivers/gpio/libdrivers__gpio.a(gpio_stm32.c.obj)
                0x0000000008008e6c                _gpio_driver_api_list_end = .

i2c_driver_api_area
                0x0000000008008e6c        0x0
                0x0000000008008e6c                _i2c_driver_api_list_start = .
 *(SORT_BY_NAME(SORT_BY_ALIGNMENT(._i2c_driver_api.static.*)))
                0x0000000008008e6c                _i2c_driver_api_list_end = .

i2c_target_driver_api_area
                0x0000000008008e6c        0x0
                0x0000000008008e6c                _i2c_target_driver_api_list_start = .
 *(SORT_BY_NAME(SORT_BY_ALIGNMENT(._i2c_target_driver_api.static.*)))
                0x0000000008008e6c                _i2c_target_driver_api_list_end = .

led_driver_api_area
                0x0000000008008e6c       0x1c
                0x0000000008008e6c                _led_driver_api_list_start = .
 *(SORT_BY_NAME(SORT_BY_ALIGNMENT(._led_driver_api.static.*)))
 ._led_driver_api.static.led_gpio_api_
                0x0000000008008e6c       0x1c zephyr/drivers/led/libdrivers__led.a(led_gpio.c.obj)
                0x0000000008008e88                _led_driver_api_list_end = .

pwm_driver_api_area
                0x0000000008008e88        0x0
                0x0000000008008e88                _pwm_driver_api_list_start = .
 *(SORT_BY_NAME(SORT_BY_ALIGNMENT(._pwm_driver_api.static.*)))
                0x0000000008008e88                _pwm_driver_api_list_end = .

reset_driver_api_area
                0x0000000008008e88       0x10
                0x0000000008008e88                _reset_driver_api_list_start = .
 *(SORT_BY_NAME(SORT_BY_ALIGNMENT(._reset_driver_api.static.*)))
 ._reset_driver_api.static.reset_stm32_driver_api_
                0x0000000008008e88       0x10 zephyr/drivers/reset/libdrivers__reset.a(reset_stm32.c.obj)
                0x0000000008008e98                _reset_driver_api_list_end = .

spi_driver_api_area
                0x0000000008008e98        0x8
                0x0000000008008e98                _spi_driver_api_list_start = .
 *(SORT_BY_NAME(SORT_BY_ALIGNMENT(._spi_driver_api.static.*)))
 ._spi_driver_api.static.api_funcs_
                0x0000000008008e98        0x8 zephyr/drivers/spi/libdrivers__spi.a(spi_ll_stm32.c.obj)
                0x0000000008008ea0                _spi_driver_api_list_end = .

shared_irq_driver_api_area
                0x0000000008008ea0        0x0
                0x0000000008008ea0                _shared_irq_driver_api_list_start = .
 *(SORT_BY_NAME(SORT_BY_ALIGNMENT(._shared_irq_driver_api.static.*)))
                0x0000000008008ea0                _shared_irq_driver_api_list_end = .

crypto_driver_api_area
                0x0000000008008ea0        0x0
                0x0000000008008ea0                _crypto_driver_api_list_start = .
 *(SORT_BY_NAME(SORT_BY_ALIGNMENT(._crypto_driver_api.static.*)))
                0x0000000008008ea0                _crypto_driver_api_list_end = .

adc_driver_api_area
                0x0000000008008ea0        0x0
                0x0000000008008ea0                _adc_driver_api_list_start = .
 *(SORT_BY_NAME(SORT_BY_ALIGNMENT(._adc_driver_api.static.*)))
                0x0000000008008ea0                _adc_driver_api_list_end = .

auxdisplay_driver_api_area
                0x0000000008008ea0        0x0
                0x0000000008008ea0                _auxdisplay_driver_api_list_start = .
 *(SORT_BY_NAME(SORT_BY_ALIGNMENT(._auxdisplay_driver_api.static.*)))
                0x0000000008008ea0                _auxdisplay_driver_api_list_end = .

bbram_driver_api_area
                0x0000000008008ea0        0x0
                0x0000000008008ea0                _bbram_driver_api_list_start = .
 *(SORT_BY_NAME(SORT_BY_ALIGNMENT(._bbram_driver_api.static.*)))
                0x0000000008008ea0                _bbram_driver_api_list_end = .

bt_hci_driver_api_area
                0x0000000008008ea0        0x0
                0x0000000008008ea0                _bt_hci_driver_api_list_start = .
 *(SORT_BY_NAME(SORT_BY_ALIGNMENT(._bt_hci_driver_api.static.*)))
                0x0000000008008ea0                _bt_hci_driver_api_list_end = .

cellular_driver_api_area
                0x0000000008008ea0        0x0
                0x0000000008008ea0                _cellular_driver_api_list_start = .
 *(SORT_BY_NAME(SORT_BY_ALIGNMENT(._cellular_driver_api.static.*)))
                0x0000000008008ea0                _cellular_driver_api_list_end = .

charger_driver_api_area
                0x0000000008008ea0        0x0
                0x0000000008008ea0                _charger_driver_api_list_start = .
 *(SORT_BY_NAME(SORT_BY_ALIGNMENT(._charger_driver_api.static.*)))
                0x0000000008008ea0                _charger_driver_api_list_end = .

clock_control_driver_api_area
                0x0000000008008ea0       0x1c
                0x0000000008008ea0                _clock_control_driver_api_list_start = .
 *(SORT_BY_NAME(SORT_BY_ALIGNMENT(._clock_control_driver_api.static.*)))
 ._clock_control_driver_api.static.stm32_clock_control_api_
                0x0000000008008ea0       0x1c zephyr/drivers/clock_control/libdrivers__clock_control.a(clock_stm32_ll_common.c.obj)
                0x0000000008008ebc                _clock_control_driver_api_list_end = .

comparator_driver_api_area
                0x0000000008008ebc        0x0
                0x0000000008008ebc                _comparator_driver_api_list_start = .
 *(SORT_BY_NAME(SORT_BY_ALIGNMENT(._comparator_driver_api.static.*)))
                0x0000000008008ebc                _comparator_driver_api_list_end = .

coredump_driver_api_area
                0x0000000008008ebc        0x0
                0x0000000008008ebc                _coredump_driver_api_list_start = .
 *(SORT_BY_NAME(SORT_BY_ALIGNMENT(._coredump_driver_api.static.*)))
                0x0000000008008ebc                _coredump_driver_api_list_end = .

dac_driver_api_area
                0x0000000008008ebc        0x0
                0x0000000008008ebc                _dac_driver_api_list_start = .
 *(SORT_BY_NAME(SORT_BY_ALIGNMENT(._dac_driver_api.static.*)))
                0x0000000008008ebc                _dac_driver_api_list_end = .

dai_driver_api_area
                0x0000000008008ebc        0x0
                0x0000000008008ebc                _dai_driver_api_list_start = .
 *(SORT_BY_NAME(SORT_BY_ALIGNMENT(._dai_driver_api.static.*)))
                0x0000000008008ebc                _dai_driver_api_list_end = .

display_driver_api_area
                0x0000000008008ebc       0x2c
                0x0000000008008ebc                _display_driver_api_list_start = .
 *(SORT_BY_NAME(SORT_BY_ALIGNMENT(._display_driver_api.static.*)))
 ._display_driver_api.static.st7789v_api_
                0x0000000008008ebc       0x2c zephyr/drivers/display/libdrivers__display.a(display_st7789v.c.obj)
                0x0000000008008ee8                _display_driver_api_list_end = .

edac_driver_api_area
                0x0000000008008ee8        0x0
                0x0000000008008ee8                _edac_driver_api_list_start = .
 *(SORT_BY_NAME(SORT_BY_ALIGNMENT(._edac_driver_api.static.*)))
                0x0000000008008ee8                _edac_driver_api_list_end = .

eeprom_driver_api_area
                0x0000000008008ee8        0x0
                0x0000000008008ee8                _eeprom_driver_api_list_start = .
 *(SORT_BY_NAME(SORT_BY_ALIGNMENT(._eeprom_driver_api.static.*)))
                0x0000000008008ee8                _eeprom_driver_api_list_end = .

emul_bbram_driver_api_area
                0x0000000008008ee8        0x0
                0x0000000008008ee8                _emul_bbram_driver_api_list_start = .
 *(SORT_BY_NAME(SORT_BY_ALIGNMENT(._emul_bbram_driver_api.static.*)))
                0x0000000008008ee8                _emul_bbram_driver_api_list_end = .

fuel_gauge_emul_driver_api_area
                0x0000000008008ee8        0x0
                0x0000000008008ee8                _fuel_gauge_emul_driver_api_list_start = .
 *(SORT_BY_NAME(SORT_BY_ALIGNMENT(._fuel_gauge_emul_driver_api.static.*)))
                0x0000000008008ee8                _fuel_gauge_emul_driver_api_list_end = .

emul_sensor_driver_api_area
                0x0000000008008ee8        0x0
                0x0000000008008ee8                _emul_sensor_driver_api_list_start = .